Archive member included to satisfy reference by file (symbol)

c:/progra~2/gnuarm~1/102021~1.10/bin/../lib/gcc/arm-none-eabi/10.3.1/thumb/v6-m/nofp\libgcc.a(_dvmd_tls.o)
                              CMakeFiles/main.dir/D_/pico-sdk/src/rp2_common/pico_divider/divider_hardware.S.obj (__aeabi_idiv0)
c:/progra~2/gnuarm~1/102021~1.10/bin/../lib/gcc/arm-none-eabi/10.3.1/../../../../arm-none-eabi/lib/thumb/v6-m/nofp\libg.a(lib_a-calloc.o)
                              CMakeFiles/main.dir/D_/pico-sdk/src/rp2_common/pico_malloc/malloc.c.obj (calloc)
c:/progra~2/gnuarm~1/102021~1.10/bin/../lib/gcc/arm-none-eabi/10.3.1/../../../../arm-none-eabi/lib/thumb/v6-m/nofp\libg.a(lib_a-callocr.o)
                              c:/progra~2/gnuarm~1/102021~1.10/bin/../lib/gcc/arm-none-eabi/10.3.1/../../../../arm-none-eabi/lib/thumb/v6-m/nofp\libg.a(lib_a-calloc.o) (_calloc_r)
c:/progra~2/gnuarm~1/102021~1.10/bin/../lib/gcc/arm-none-eabi/10.3.1/../../../../arm-none-eabi/lib/thumb/v6-m/nofp\libg.a(lib_a-errno.o)
                              c:/progra~2/gnuarm~1/102021~1.10/bin/../lib/gcc/arm-none-eabi/10.3.1/../../../../arm-none-eabi/lib/thumb/v6-m/nofp\libg.a(lib_a-callocr.o) (__errno)
c:/progra~2/gnuarm~1/102021~1.10/bin/../lib/gcc/arm-none-eabi/10.3.1/../../../../arm-none-eabi/lib/thumb/v6-m/nofp\libg.a(lib_a-impure.o)
                              c:/progra~2/gnuarm~1/102021~1.10/bin/../lib/gcc/arm-none-eabi/10.3.1/../../../../arm-none-eabi/lib/thumb/v6-m/nofp\libg.a(lib_a-calloc.o) (_impure_ptr)
c:/progra~2/gnuarm~1/102021~1.10/bin/../lib/gcc/arm-none-eabi/10.3.1/../../../../arm-none-eabi/lib/thumb/v6-m/nofp\libg.a(lib_a-init.o)
                              c:/progra~2/gnuarm~1/102021~1.10/bin/../lib/gcc/arm-none-eabi/10.3.1/../../../../arm-none-eabi/lib/thumb/v6-m/nofp/crt0.o (__libc_init_array)
c:/progra~2/gnuarm~1/102021~1.10/bin/../lib/gcc/arm-none-eabi/10.3.1/../../../../arm-none-eabi/lib/thumb/v6-m/nofp\libg.a(lib_a-lcltime_r.o)
                              CMakeFiles/main.dir/D_/pico-sdk/src/common/pico_util/datetime.c.obj (localtime_r)
c:/progra~2/gnuarm~1/102021~1.10/bin/../lib/gcc/arm-none-eabi/10.3.1/../../../../arm-none-eabi/lib/thumb/v6-m/nofp\libg.a(lib_a-malloc.o)
                              CMakeFiles/main.dir/D_/pico-sdk/src/rp2_common/pico_malloc/malloc.c.obj (malloc)
c:/progra~2/gnuarm~1/102021~1.10/bin/../lib/gcc/arm-none-eabi/10.3.1/../../../../arm-none-eabi/lib/thumb/v6-m/nofp\libg.a(lib_a-mallocr.o)
                              c:/progra~2/gnuarm~1/102021~1.10/bin/../lib/gcc/arm-none-eabi/10.3.1/../../../../arm-none-eabi/lib/thumb/v6-m/nofp\libg.a(lib_a-callocr.o) (_malloc_r)
c:/progra~2/gnuarm~1/102021~1.10/bin/../lib/gcc/arm-none-eabi/10.3.1/../../../../arm-none-eabi/lib/thumb/v6-m/nofp\libg.a(lib_a-memcmp.o)
                              CMakeFiles/main.dir/D_/pico-sdk/src/rp2_common/pico_atomic/atomic.c.obj (memcmp)
c:/progra~2/gnuarm~1/102021~1.10/bin/../lib/gcc/arm-none-eabi/10.3.1/../../../../arm-none-eabi/lib/thumb/v6-m/nofp\libg.a(lib_a-mktime.o)
                              CMakeFiles/main.dir/D_/pico-sdk/src/common/pico_util/datetime.c.obj (mktime)
c:/progra~2/gnuarm~1/102021~1.10/bin/../lib/gcc/arm-none-eabi/10.3.1/../../../../arm-none-eabi/lib/thumb/v6-m/nofp\libg.a(lib_a-mlock.o)
                              c:/progra~2/gnuarm~1/102021~1.10/bin/../lib/gcc/arm-none-eabi/10.3.1/../../../../arm-none-eabi/lib/thumb/v6-m/nofp\libg.a(lib_a-mallocr.o) (__malloc_lock)
c:/progra~2/gnuarm~1/102021~1.10/bin/../lib/gcc/arm-none-eabi/10.3.1/../../../../arm-none-eabi/lib/thumb/v6-m/nofp\libg.a(lib_a-month_lengths.o)
                              c:/progra~2/gnuarm~1/102021~1.10/bin/../lib/gcc/arm-none-eabi/10.3.1/../../../../arm-none-eabi/lib/thumb/v6-m/nofp\libg.a(lib_a-lcltime_r.o) (__month_lengths)
c:/progra~2/gnuarm~1/102021~1.10/bin/../lib/gcc/arm-none-eabi/10.3.1/../../../../arm-none-eabi/lib/thumb/v6-m/nofp\libg.a(lib_a-realloc.o)
                              CMakeFiles/main.dir/D_/pico-sdk/src/rp2_common/pico_malloc/malloc.c.obj (realloc)
c:/progra~2/gnuarm~1/102021~1.10/bin/../lib/gcc/arm-none-eabi/10.3.1/../../../../arm-none-eabi/lib/thumb/v6-m/nofp\libg.a(lib_a-reallocr.o)
                              c:/progra~2/gnuarm~1/102021~1.10/bin/../lib/gcc/arm-none-eabi/10.3.1/../../../../arm-none-eabi/lib/thumb/v6-m/nofp\libg.a(lib_a-realloc.o) (_realloc_r)
c:/progra~2/gnuarm~1/102021~1.10/bin/../lib/gcc/arm-none-eabi/10.3.1/../../../../arm-none-eabi/lib/thumb/v6-m/nofp\libg.a(lib_a-sbrkr.o)
                              c:/progra~2/gnuarm~1/102021~1.10/bin/../lib/gcc/arm-none-eabi/10.3.1/../../../../arm-none-eabi/lib/thumb/v6-m/nofp\libg.a(lib_a-mallocr.o) (_sbrk_r)
c:/progra~2/gnuarm~1/102021~1.10/bin/../lib/gcc/arm-none-eabi/10.3.1/../../../../arm-none-eabi/lib/thumb/v6-m/nofp\libg.a(lib_a-strlen-stub.o)
                              CMakeFiles/main.dir/D_/pico-sdk/src/rp2_common/pico_stdio/stdio.c.obj (strlen)
[...]
Memory Configuration

Name             Origin             Length             Attributes
FLASH            0x10000000         0x00200000         xr
RAM              0x20000000         0x00040000         xrw
SCRATCH_X        0x20040000         0x00001000         xrw
SCRATCH_Y        0x20041000         0x00001000         xrw
*default*        0x00000000         0xffffffff

Linker script and memory map

LOAD c:/progra~2/gnuarm~1/102021~1.10/bin/../lib/gcc/arm-none-eabi/10.3.1/thumb/v6-m/nofp/crti.o
LOAD c:/progra~2/gnuarm~1/102021~1.10/bin/../lib/gcc/arm-none-eabi/10.3.1/thumb/v6-m/nofp/crtbegin.o
LOAD c:/progra~2/gnuarm~1/102021~1.10/bin/../lib/gcc/arm-none-eabi/10.3.1/../../../../arm-none-eabi/lib/thumb/v6-m/nofp/crt0.o

.flash_begin    0x10000000        0x0
                0x10000000                __flash_binary_start = .

.boot2          0x10000000      0x100
                0x10000000                __boot2_start__ = .
 *(.boot2)
 .boot2         0x10000000      0x100 pico-sdk\src\rp2040\boot_stage2\CMakeFiles\bs2_default_library.dir\bs2_default_padded_checksummed.S.obj
                0x10000100                __boot2_end__ = .
                0x00000001                ASSERT (((__boot2_end__ - __boot2_start__) == 0x100), ERROR: Pico second stage bootloader must be 256 bytes in size)

.text           0x10000100     0x67b4
                0x10000100                __logical_binary_start = .
 *(.vectors)
 .vectors       0x10000100       0xd4 CMakeFiles/main.dir/D_/pico-sdk/src/rp2_common/pico_crt0/crt0.S.obj
                0x10000100                __VECTOR_TABLE
                0x10000100                __vectors
                0x100001c0                isr_invalid
                0x100001c0                __default_isrs_start
                0x100001c2                isr_nmi
                0x100001c4                isr_hardfault
                0x100001c6                isr_svcall
                0x100001c8                isr_pendsv
                0x100001ca                isr_systick
                0x100001cc                isr_irq23
                0x100001cc                isr_irq18
                0x100001cc                isr_irq11
                0x100001cc                isr_irq28
                0x100001cc                isr_irq19
                0x100001cc                isr_irq0
                0x100001cc                isr_irq6
                0x100001cc                isr_irq5
                0x100001cc                isr_irq12
                0x100001cc                isr_irq22
                0x100001cc                isr_irq31
                0x100001cc                isr_irq17
                0x100001cc                isr_irq27
                0x100001cc                isr_irq30
                0x100001cc                isr_irq2
                0x100001cc                isr_irq10
                0x100001cc                isr_irq8
                0x100001cc                isr_irq24
                0x100001cc                isr_irq1
                0x100001cc                isr_irq7
                0x100001cc                isr_irq21
                0x100001cc                isr_irq20
                0x100001cc                isr_irq15
                0x100001cc                isr_irq25
                0x100001cc                isr_irq13
                0x100001cc                __unhandled_user_irq
                0x100001cc                isr_irq4
                0x100001cc                isr_irq16
                0x100001cc                isr_irq29
                0x100001cc                isr_irq26
                0x100001cc                __default_isrs_end
                0x100001cc                isr_irq3
                0x100001cc                isr_irq14
                0x100001cc                isr_irq9
                0x100001d2                unhandled_user_irq_num_in_r0
 *(.binary_info_header)
 .binary_info_header
                0x100001d4       0x14 CMakeFiles/main.dir/D_/pico-sdk/src/rp2_common/pico_crt0/crt0.S.obj
                0x100001e8                __binary_info_header_end = .
 *(.embedded_block)
                0x100001e8                __embedded_block_end = .
 *(.reset)
 .reset         0x100001e8       0x9c CMakeFiles/main.dir/D_/pico-sdk/src/rp2_common/pico_crt0/crt0.S.obj
                0x100001e8                _entry_point
 *(.init)
 .init          0x10000284        0x4 c:/progra~2/gnuarm~1/102021~1.10/bin/../lib/gcc/arm-none-eabi/10.3.1/thumb/v6-m/nofp/crti.o
                0x10000284                _init
 *(EXCLUDE_FILE(*libm.a: *libc.a:*lib_a-mem*.o *libgcc.a:) .text*)
 .text          0x10000288       0x48 c:/progra~2/gnuarm~1/102021~1.10/bin/../lib/gcc/arm-none-eabi/10.3.1/thumb/v6-m/nofp/crtbegin.o
 .text.startup.main
                0x100002d0       0x64 CMakeFiles/main.dir/main.cpp.obj
                0x100002d0                main
 .text._ZN8IRSensorC2EPii
                0x10000334        0x8 CMakeFiles/main.dir/ir-sensor.cpp.obj
                0x10000334                IRSensor::IRSensor(int*, int)
                0x10000334                IRSensor::IRSensor(int*, int)
 .text._ZN8IRSensor4initEv
                0x1000033c       0x3c CMakeFiles/main.dir/ir-sensor.cpp.obj
                0x1000033c                IRSensor::init()
 .text._ZN8IRSensor11readSensorsEPi
                0x10000378       0x40 CMakeFiles/main.dir/ir-sensor.cpp.obj
                0x10000378                IRSensor::readSensors(int*)
 .text.gpio_init
                0x100003b8       0x40 CMakeFiles/main.dir/D_/pico-sdk/src/rp2_common/hardware_gpio/gpio.c.obj
                0x100003b8                gpio_init
 .text.rp2040_chip_version
                0x100003f8        0xc CMakeFiles/main.dir/D_/pico-sdk/src/rp2040/pico_platform/platform.c.obj
                0x100003f8                rp2040_chip_version
 .text.panic    0x10000404       0x30 CMakeFiles/main.dir/D_/pico-sdk/src/rp2_common/pico_platform_panic/panic.c.obj
                0x10000404                panic
 .text.hw_claim_or_assert
                0x10000434       0x44 CMakeFiles/main.dir/D_/pico-sdk/src/common/hardware_claim/claim.c.obj
                0x10000434                hw_claim_or_assert
 .text.hw_claim_unused_from_range
                0x10000478       0x9c CMakeFiles/main.dir/D_/pico-sdk/src/common/hardware_claim/claim.c.obj
                0x10000478                hw_claim_unused_from_range
 .text.next_striped_spin_lock_num
                0x10000514       0x18 CMakeFiles/main.dir/D_/pico-sdk/src/rp2_common/hardware_sync/sync.c.obj
                0x10000514                next_striped_spin_lock_num
 .text.spin_lock_claim_unused
                0x1000052c       0x20 CMakeFiles/main.dir/D_/pico-sdk/src/rp2_common/hardware_sync/sync.c.obj
                0x1000052c                spin_lock_claim_unused
 .text.spin_locks_reset
                0x1000054c       0x1c CMakeFiles/main.dir/D_/pico-sdk/src/rp2_common/hardware_sync_spin_lock/sync_spin_lock.c.obj
                0x1000054c                spin_locks_reset
 .text.runtime_init_per_core_irq_priorities
                0x10000568       0x24 CMakeFiles/main.dir/D_/pico-sdk/src/rp2_common/hardware_irq/irq.c.obj
                0x10000568                runtime_init_per_core_irq_priorities
 .text.irq_set_enabled
                0x1000058c       0x24 CMakeFiles/main.dir/D_/pico-sdk/src/rp2_common/hardware_irq/irq.c.obj
                0x1000058c                irq_set_enabled
 .text.irq_is_enabled
                0x100005b0       0x18 CMakeFiles/main.dir/D_/pico-sdk/src/rp2_common/hardware_irq/irq.c.obj
                0x100005b0                irq_is_enabled
 .text.irq_set_pending
                0x100005c8       0x10 CMakeFiles/main.dir/D_/pico-sdk/src/rp2_common/hardware_irq/irq.c.obj
                0x100005c8                irq_set_pending
 .text.irq_has_shared_handler
                0x100005d8       0x24 CMakeFiles/main.dir/D_/pico-sdk/src/rp2_common/hardware_irq/irq.c.obj
                0x100005d8                irq_has_shared_handler
 .text.irq_set_exclusive_handler
                0x100005fc       0x54 CMakeFiles/main.dir/D_/pico-sdk/src/rp2_common/hardware_irq/irq.c.obj
                0x100005fc                irq_set_exclusive_handler
 .text.irq_add_shared_handler
                0x10000650      0x1e8 CMakeFiles/main.dir/D_/pico-sdk/src/rp2_common/hardware_irq/irq.c.obj
                0x10000650                irq_add_shared_handler
 .text.irq_add_tail_to_free_list
                0x10000838       0xb4 CMakeFiles/main.dir/D_/pico-sdk/src/rp2_common/hardware_irq/irq.c.obj
                0x10000838                irq_add_tail_to_free_list
 .text.user_irq_claim_unused
                0x100008ec       0x28 CMakeFiles/main.dir/D_/pico-sdk/src/rp2_common/hardware_irq/irq.c.obj
                0x100008ec                user_irq_claim_unused
 .text.lock_init
                0x10000914       0x10 CMakeFiles/main.dir/D_/pico-sdk/src/common/pico_sync/lock_core.c.obj
                0x10000914                lock_init
 .text.runtime_init_mutex
                0x10000924       0x58 CMakeFiles/main.dir/D_/pico-sdk/src/common/pico_sync/mutex.c.obj
                0x10000924                runtime_init_mutex
 .text.mutex_init
                0x1000097c       0x1c CMakeFiles/main.dir/D_/pico-sdk/src/common/pico_sync/mutex.c.obj
                0x1000097c                mutex_init
 .text.critical_section_init
                0x10000998       0x20 CMakeFiles/main.dir/D_/pico-sdk/src/common/pico_sync/critical_section.c.obj
                0x10000998                critical_section_init
 .text.critical_section_init_with_lock_num
                0x100009b8       0x14 CMakeFiles/main.dir/D_/pico-sdk/src/common/pico_sync/critical_section.c.obj
                0x100009b8                critical_section_init_with_lock_num
 .text.sleep_until_callback
                0x100009cc       0x30 CMakeFiles/main.dir/D_/pico-sdk/src/common/pico_time/time.c.obj
 .text.alarm_pool_irq_handler
                0x100009fc      0x308 CMakeFiles/main.dir/D_/pico-sdk/src/common/pico_time/time.c.obj
 .text.runtime_init_default_alarm_pool
                0x10000d04       0xdc CMakeFiles/main.dir/D_/pico-sdk/src/common/pico_time/time.c.obj
                0x10000d04                runtime_init_default_alarm_pool
 .text.alarm_pool_get_default
                0x10000de0        0x8 CMakeFiles/main.dir/D_/pico-sdk/src/common/pico_time/time.c.obj
                0x10000de0                alarm_pool_get_default
 .text.alarm_pool_add_alarm_at
                0x10000de8       0xc8 CMakeFiles/main.dir/D_/pico-sdk/src/common/pico_time/time.c.obj
                0x10000de8                alarm_pool_add_alarm_at
 .text.alarm_pool_add_alarm_at_force_in_context
                0x10000eb0       0xb0 CMakeFiles/main.dir/D_/pico-sdk/src/common/pico_time/time.c.obj
                0x10000eb0                alarm_pool_add_alarm_at_force_in_context
 .text.alarm_pool_cancel_alarm
                0x10000f60       0x7c CMakeFiles/main.dir/D_/pico-sdk/src/common/pico_time/time.c.obj
                0x10000f60                alarm_pool_cancel_alarm
 .text.alarm_pool_core_num
                0x10000fdc        0x4 CMakeFiles/main.dir/D_/pico-sdk/src/common/pico_time/time.c.obj
                0x10000fdc                alarm_pool_core_num
 .text.sleep_until
                0x10000fe0       0xd0 CMakeFiles/main.dir/D_/pico-sdk/src/common/pico_time/time.c.obj
                0x10000fe0                sleep_until
 .text.sleep_ms
                0x100010b0       0x34 CMakeFiles/main.dir/D_/pico-sdk/src/common/pico_time/time.c.obj
                0x100010b0                sleep_ms
 .text.best_effort_wfe_or_timeout
                0x100010e4       0xfc CMakeFiles/main.dir/D_/pico-sdk/src/common/pico_time/time.c.obj
                0x100010e4                best_effort_wfe_or_timeout
 .text.timer_hardware_alarm_claim
                0x100011e0       0x14 CMakeFiles/main.dir/D_/pico-sdk/src/rp2_common/hardware_timer/timer.c.obj
                0x100011e0                timer_hardware_alarm_claim
 .text.timer_time_us_64
                0x100011f4       0x10 CMakeFiles/main.dir/D_/pico-sdk/src/rp2_common/hardware_timer/timer.c.obj
                0x100011f4                timer_time_us_64
 .text.time_us_64
                0x10001204       0x14 CMakeFiles/main.dir/D_/pico-sdk/src/rp2_common/hardware_timer/timer.c.obj
                0x10001204                time_us_64
 .text.busy_wait_until
                0x10001218       0x20 CMakeFiles/main.dir/D_/pico-sdk/src/rp2_common/hardware_timer/timer.c.obj
                0x10001218                busy_wait_until
 .text.clock_configure_int_divider
                0x10001238       0xf4 CMakeFiles/main.dir/D_/pico-sdk/src/rp2_common/hardware_clocks/clocks.c.obj
                0x10001238                clock_configure_int_divider
 .text.clock_configure_undivided
                0x1000132c       0xe8 CMakeFiles/main.dir/D_/pico-sdk/src/rp2_common/hardware_clocks/clocks.c.obj
                0x1000132c                clock_configure_undivided
 .text.clock_get_hz
                0x10001414        0xc CMakeFiles/main.dir/D_/pico-sdk/src/rp2_common/hardware_clocks/clocks.c.obj
                0x10001414                clock_get_hz
 .text.pll_init
                0x10001420       0xa0 CMakeFiles/main.dir/D_/pico-sdk/src/rp2_common/hardware_pll/pll.c.obj
                0x10001420                pll_init
 .text.watchdog_reboot
                0x100014c0       0x98 CMakeFiles/main.dir/D_/pico-sdk/src/rp2_common/hardware_watchdog/watchdog.c.obj
                0x100014c0                watchdog_reboot
 .text.tick_start
                0x10001558       0x10 CMakeFiles/main.dir/D_/pico-sdk/src/rp2_common/hardware_ticks/ticks.c.obj
                0x10001558                tick_start
 .text.rom_func_lookup
                0x10001568       0x10 CMakeFiles/main.dir/D_/pico-sdk/src/rp2_common/pico_bootrom/bootrom.c.obj
                0x10001568                rom_func_lookup
 .text.rom_data_lookup
                0x10001578       0x10 CMakeFiles/main.dir/D_/pico-sdk/src/rp2_common/pico_bootrom/bootrom.c.obj
                0x10001578                rom_data_lookup
 .text.rom_funcs_lookup
                0x10001588       0x44 CMakeFiles/main.dir/D_/pico-sdk/src/rp2_common/pico_bootrom/bootrom.c.obj
                0x10001588                rom_funcs_lookup
 .text.rom_reset_usb_boot_extra
                0x100015cc       0x28 CMakeFiles/main.dir/D_/pico-sdk/src/rp2_common/pico_bootrom/bootrom.c.obj
                0x100015cc                rom_reset_usb_boot_extra
 .text.xosc_init
                0x100015f4       0x28 CMakeFiles/main.dir/D_/pico-sdk/src/rp2_common/hardware_xosc/xosc.c.obj
                0x100015f4                xosc_init
 .text.first_per_core_initializer
                0x1000161c        0x4 CMakeFiles/main.dir/D_/pico-sdk/src/rp2_common/pico_runtime/runtime.c.obj
 .text.hard_assertion_failure
                0x10001620        0xc CMakeFiles/main.dir/D_/pico-sdk/src/rp2_common/pico_runtime/runtime.c.obj
                0x10001620                hard_assertion_failure
 .text.runtime_run_initializers
                0x1000162c       0x28 CMakeFiles/main.dir/D_/pico-sdk/src/rp2_common/pico_runtime/runtime.c.obj
                0x1000162c                runtime_run_initializers
 .text.runtime_init_early_resets
                0x10001654       0x2c CMakeFiles/main.dir/D_/pico-sdk/src/rp2_common/pico_runtime_init/runtime_init.c.obj
                0x10001654                runtime_init_early_resets
 .text.runtime_init_usb_power_down
                0x10001680       0x1c CMakeFiles/main.dir/D_/pico-sdk/src/rp2_common/pico_runtime_init/runtime_init.c.obj
                0x10001680                runtime_init_usb_power_down
 .text.runtime_init_post_clock_resets
                0x1000169c       0x20 CMakeFiles/main.dir/D_/pico-sdk/src/rp2_common/pico_runtime_init/runtime_init.c.obj
                0x1000169c                runtime_init_post_clock_resets
 .text.runtime_init_rp2040_gpio_ie_disable
                0x100016bc       0x14 CMakeFiles/main.dir/D_/pico-sdk/src/rp2_common/pico_runtime_init/runtime_init.c.obj
                0x100016bc                runtime_init_rp2040_gpio_ie_disable
 .text.runtime_init_spin_locks_reset
                0x100016d0        0x8 CMakeFiles/main.dir/D_/pico-sdk/src/rp2_common/pico_runtime_init/runtime_init.c.obj
                0x100016d0                runtime_init_spin_locks_reset
 .text.runtime_init_install_ram_vector_table
                0x100016d8       0x1c CMakeFiles/main.dir/D_/pico-sdk/src/rp2_common/pico_runtime_init/runtime_init.c.obj
                0x100016d8                runtime_init_install_ram_vector_table
 .text.runtime_init_clocks
                0x100016f4       0xd8 CMakeFiles/main.dir/D_/pico-sdk/src/rp2_common/pico_runtime_init/runtime_init_clocks.c.obj
                0x100016f4                runtime_init_clocks
 .text          0x100017cc       0x10 CMakeFiles/main.dir/D_/pico-sdk/src/rp2_common/pico_bit_ops/bit_ops_aeabi.S.obj
 .text.__wrap___aeabi_idiv
                0x100017dc       0x50 CMakeFiles/main.dir/D_/pico-sdk/src/rp2_common/pico_divider/divider_hardware.S.obj
                0x100017dc                __wrap___aeabi_idivmod
                0x100017dc                divmod_s32s32
                0x100017dc                div_s32s32
                0x100017dc                __wrap___aeabi_idiv
                0x100017e4                divmod_s32s32_unsafe
                0x10001810                divmod_s32s32_savestate
 .text.__wrap___aeabi_uidiv
                0x1000182c       0x4c CMakeFiles/main.dir/D_/pico-sdk/src/rp2_common/pico_divider/divider_hardware.S.obj
                0x1000182c                __wrap___aeabi_uidiv
                0x1000182c                __wrap___aeabi_uidivmod
                0x1000182c                div_u32u32
                0x1000182c                divmod_u32u32
                0x10001834                divmod_u32u32_unsafe
                0x1000185c                divmod_u32u32_savestate
 .text.__wrap___aeabi_ldiv
                0x10001878      0x424 CMakeFiles/main.dir/D_/pico-sdk/src/rp2_common/pico_divider/divider_hardware.S.obj
                0x10001878                div_s64s64
                0x10001878                divmod_s64s64
                0x10001878                __wrap___aeabi_ldivmod
                0x100018a8                divmod_u64u64
                0x100018a8                div_u64u64
                0x100018a8                __wrap___aeabi_uldivmod
                0x100018b8                divmod_u64u64_savestate
                0x100018d8                divmod_s64s64_unsafe
                0x10001960                divmod_u64u64_unsafe
 .text.__wrap___aeabi_darithmetic
                0x10001c9c       0x80 CMakeFiles/main.dir/D_/pico-sdk/src/rp2_common/pico_double/double_aeabi_rp2040.S.obj
                0x10001c9c                __wrap___aeabi_drsub
                0x10001ca2                __wrap___aeabi_dsub
                0x10001cb4                __wrap___aeabi_dadd
                0x10001cc6                __wrap___aeabi_ddiv
                0x10001d02                __wrap___aeabi_dmul
 .text.__wrap___aeabi_cdcmple
                0x10001d1c       0x6c CMakeFiles/main.dir/D_/pico-sdk/src/rp2_common/pico_double/double_aeabi_rp2040.S.obj
                0x10001d1c                __wrap___aeabi_cdrcmple
                0x10001d2c                __wrap___aeabi_cdcmpeq
                0x10001d2c                __wrap___aeabi_cdcmple
 .text.__wrap___aeabi_dcmplt
                0x10001d88        0xc CMakeFiles/main.dir/D_/pico-sdk/src/rp2_common/pico_double/double_aeabi_rp2040.S.obj
                0x10001d88                __wrap___aeabi_dcmplt
 .text.__wrap___aeabi_dcmple
                0x10001d94       0x10 CMakeFiles/main.dir/D_/pico-sdk/src/rp2_common/pico_double/double_aeabi_rp2040.S.obj
                0x10001d94                __wrap___aeabi_dcmple
 .text.__wrap___aeabi_dcmpge
                0x10001da4       0x10 CMakeFiles/main.dir/D_/pico-sdk/src/rp2_common/pico_double/double_aeabi_rp2040.S.obj
                0x10001da4                __wrap___aeabi_dcmpge
 .text.__wrap___aeabi_dcmpgt
                0x10001db4        0xa CMakeFiles/main.dir/D_/pico-sdk/src/rp2_common/pico_double/double_aeabi_rp2040.S.obj
                0x10001db4                __wrap___aeabi_dcmpgt
 .text.__wrap___aeabi_dcmpun
                0x10001dbe       0x18 CMakeFiles/main.dir/D_/pico-sdk/src/rp2_common/pico_double/double_aeabi_rp2040.S.obj
                0x10001dbe                __wrap___aeabi_dcmpun
 *fill*         0x10001dd6        0x2 
 .text.__wrap___aeabi_i2d
                0x10001dd8       0x38 CMakeFiles/main.dir/D_/pico-sdk/src/rp2_common/pico_double/double_aeabi_rp2040.S.obj
                0x10001dd8                uint2double
                0x10001dd8                __wrap___aeabi_ui2d
                0x10001de0                int2double
                0x10001de0                __wrap___aeabi_i2d
 .text.__wrap___aeabi_d2iz
                0x10001e10       0x48 CMakeFiles/main.dir/D_/pico-sdk/src/rp2_common/pico_double/double_aeabi_rp2040.S.obj
                0x10001e10                double2int_z
                0x10001e10                __wrap___aeabi_d2iz
 .text.__wrap___aeabi_d2uiz
                0x10001e58       0x18 CMakeFiles/main.dir/D_/pico-sdk/src/rp2_common/pico_double/double_aeabi_rp2040.S.obj
                0x10001e58                double2uint
                0x10001e58                __wrap___aeabi_d2uiz
                0x10001e58                double2uint_z
 .text.__aeabi_double_init
                0x10001e70       0xa0 CMakeFiles/main.dir/D_/pico-sdk/src/rp2_common/pico_double/double_init_rom_rp2040.c.obj
                0x10001e70                __aeabi_double_init
 .text.double_table_shim_on_use_helper
                0x10001f10       0x2c CMakeFiles/main.dir/D_/pico-sdk/src/rp2_common/pico_double/double_v1_rom_shim_rp2040.S.obj
                0x10001f10                double_table_shim_on_use_helper
 .text.__wrap___aeabi_dsub
                0x10001f3c       0x10 CMakeFiles/main.dir/D_/pico-sdk/src/rp2_common/pico_double/double_v1_rom_shim_rp2040.S.obj
                0x10001f3c                drsub_shim
                0x10001f42                dsub_shim
 .text.dadd_shim
                0x10001f4c      0x15c CMakeFiles/main.dir/D_/pico-sdk/src/rp2_common/pico_double/double_v1_rom_shim_rp2040.S.obj
                0x10001f4c                dadd_shim
 .text.dmul_shim
                0x100020a8      0x15c CMakeFiles/main.dir/D_/pico-sdk/src/rp2_common/pico_double/double_v1_rom_shim_rp2040.S.obj
                0x100020a8                dmul_shim
 .text.ddiv_shim
                0x10002204      0x1b0 CMakeFiles/main.dir/D_/pico-sdk/src/rp2_common/pico_double/double_v1_rom_shim_rp2040.S.obj
                0x10002204                ddiv_shim
 .text.double2uint_shim
                0x100023b4        0xe CMakeFiles/main.dir/D_/pico-sdk/src/rp2_common/pico_double/double_v1_rom_shim_rp2040.S.obj
                0x100023b4                double2uint_shim
                0x100023b6                double2ufix_shim
 *fill*         0x100023c2        0x2 
 .text.double2uint64_shim
                0x100023c4       0x70 CMakeFiles/main.dir/D_/pico-sdk/src/rp2_common/pico_double/double_v1_rom_shim_rp2040.S.obj
                0x100023c4                double2uint64_shim
                0x100023c6                double2ufix64_shim
                0x100023e6                d2fix_a
 .text.dunpacks
                0x10002434       0x3c CMakeFiles/main.dir/D_/pico-sdk/src/rp2_common/pico_double/double_v1_rom_shim_rp2040.S.obj
                0x10002434                dunpacks
 .text.__aeabi_lmul
                0x10002470       0x32 CMakeFiles/main.dir/D_/pico-sdk/src/rp2_common/pico_int64_ops/pico_int64_ops_aeabi.S.obj
                0x10002470                __wrap___aeabi_lmul
 *fill*         0x100024a2        0x2 
 .text.__aeabi_float_init
                0x100024a4       0x64 CMakeFiles/main.dir/D_/pico-sdk/src/rp2_common/pico_float/float_init_rom_rp2040.c.obj
                0x100024a4                __aeabi_float_init
 .text.float_table_shim_on_use_helper
                0x10002508       0x2c CMakeFiles/main.dir/D_/pico-sdk/src/rp2_common/pico_float/float_v1_rom_shim_rp2040.S.obj
                0x10002508                float_table_shim_on_use_helper
 .text          0x10002534       0x10 CMakeFiles/main.dir/D_/pico-sdk/src/rp2_common/pico_mem_ops/mem_ops_aeabi.S.obj
                0x10002534                __aeabi_mem_init
 .text.memset   0x10002544        0xc CMakeFiles/main.dir/D_/pico-sdk/src/rp2_common/pico_mem_ops/mem_ops_aeabi.S.obj
                0x10002544                __wrap_memset
 .text.memcpy   0x10002550        0xc CMakeFiles/main.dir/D_/pico-sdk/src/rp2_common/pico_mem_ops/mem_ops_aeabi.S.obj
                0x10002550                __wrap_memcpy
                0x10002550                __wrap___aeabi_memcpy
 .text._out_null
                0x1000255c        0x4 CMakeFiles/main.dir/D_/pico-sdk/src/rp2_common/pico_printf/printf.c.obj
 .text._out_rev
                0x10002560       0x9c CMakeFiles/main.dir/D_/pico-sdk/src/rp2_common/pico_printf/printf.c.obj
 .text._ntoa_format
                0x100025fc      0x1cc CMakeFiles/main.dir/D_/pico-sdk/src/rp2_common/pico_printf/printf.c.obj
 .text._out_char
                0x100027c8       0x10 CMakeFiles/main.dir/D_/pico-sdk/src/rp2_common/pico_printf/printf.c.obj
 .text._out_fct
                0x100027d8       0x10 CMakeFiles/main.dir/D_/pico-sdk/src/rp2_common/pico_printf/printf.c.obj
 .text._etoa    0x100027e8      0x44c CMakeFiles/main.dir/D_/pico-sdk/src/rp2_common/pico_printf/printf.c.obj
 .text._ftoa    0x10002c34      0x398 CMakeFiles/main.dir/D_/pico-sdk/src/rp2_common/pico_printf/printf.c.obj
 .text._vsnprintf
                0x10002fcc      0xb04 CMakeFiles/main.dir/D_/pico-sdk/src/rp2_common/pico_printf/printf.c.obj
 .text.vfctprintf
                0x10003ad0       0x20 CMakeFiles/main.dir/D_/pico-sdk/src/rp2_common/pico_printf/printf.c.obj
                0x10003ad0                vfctprintf
 .text.weak_raw_vprintf
                0x10003af0       0x30 CMakeFiles/main.dir/D_/pico-sdk/src/rp2_common/pico_printf/printf.c.obj
                0x10003af0                weak_raw_vprintf
 .text._exit    0x10003b20        0x4 CMakeFiles/main.dir/D_/pico-sdk/src/rp2_common/pico_clib_interface/newlib_interface.c.obj
                0x10003b20                _exit
 .text.exit     0x10003b24        0x8 CMakeFiles/main.dir/D_/pico-sdk/src/rp2_common/pico_clib_interface/newlib_interface.c.obj
                0x10003b24                exit
 .text.runtime_init
                0x10003b2c       0x2c CMakeFiles/main.dir/D_/pico-sdk/src/rp2_common/pico_clib_interface/newlib_interface.c.obj
                0x10003b2c                runtime_init
 .text.stdio_out_chars_no_crlf
                0x10003b58       0x10 CMakeFiles/main.dir/D_/pico-sdk/src/rp2_common/pico_stdio/stdio.c.obj
 .text.stdio_out_chars_crlf
                0x10003b68       0xb4 CMakeFiles/main.dir/D_/pico-sdk/src/rp2_common/pico_stdio/stdio.c.obj
 .text.stdio_buffered_printer
                0x10003c1c       0x64 CMakeFiles/main.dir/D_/pico-sdk/src/rp2_common/pico_stdio/stdio.c.obj
 .text.stdio_put_string
                0x10003c80      0x100 CMakeFiles/main.dir/D_/pico-sdk/src/rp2_common/pico_stdio/stdio.c.obj
                0x10003c80                stdio_put_string
 .text.stdio_set_driver_enabled
                0x10003d80       0x30 CMakeFiles/main.dir/D_/pico-sdk/src/rp2_common/pico_stdio/stdio.c.obj
                0x10003d80                stdio_set_driver_enabled
 .text.stdio_init_all
                0x10003db0        0x8 CMakeFiles/main.dir/D_/pico-sdk/src/rp2_common/pico_stdio/stdio.c.obj
                0x10003db0                stdio_init_all
 .text.__wrap_putchar
                0x10003db8       0x98 CMakeFiles/main.dir/D_/pico-sdk/src/rp2_common/pico_stdio/stdio.c.obj
                0x10003db8                __wrap_putchar
                0x10003db8                stdio_putchar
 .text.__wrap_puts
                0x10003e50       0x3c CMakeFiles/main.dir/D_/pico-sdk/src/rp2_common/pico_stdio/stdio.c.obj
                0x10003e50                stdio_puts
                0x10003e50                __wrap_puts
 .text.__wrap_vprintf
                0x10003e8c       0xd8 CMakeFiles/main.dir/D_/pico-sdk/src/rp2_common/pico_stdio/stdio.c.obj
                0x10003e8c                stdio_vprintf
                0x10003e8c                __wrap_vprintf
 .text.__wrap_printf
                0x10003f64       0x18 CMakeFiles/main.dir/D_/pico-sdk/src/rp2_common/pico_stdio/stdio.c.obj
                0x10003f64                __wrap_printf
                0x10003f64                stdio_printf
 .text.resetd_init
                0x10003f7c        0x4 CMakeFiles/main.dir/D_/pico-sdk/src/rp2_common/pico_stdio_usb/reset_interface.c.obj
 .text.resetd_reset
                0x10003f80        0xc CMakeFiles/main.dir/D_/pico-sdk/src/rp2_common/pico_stdio_usb/reset_interface.c.obj
 .text.resetd_open
                0x10003f8c       0x28 CMakeFiles/main.dir/D_/pico-sdk/src/rp2_common/pico_stdio_usb/reset_interface.c.obj
 .text.resetd_xfer_cb
                0x10003fb4        0x4 CMakeFiles/main.dir/D_/pico-sdk/src/rp2_common/pico_stdio_usb/reset_interface.c.obj
 .text.resetd_control_xfer_cb
                0x10003fb8       0x60 CMakeFiles/main.dir/D_/pico-sdk/src/rp2_common/pico_stdio_usb/reset_interface.c.obj
 .text.tud_descriptor_bos_cb
                0x10004018        0x8 CMakeFiles/main.dir/D_/pico-sdk/src/rp2_common/pico_stdio_usb/reset_interface.c.obj
                0x10004018                tud_descriptor_bos_cb
 .text.tud_vendor_control_xfer_cb
                0x10004020       0x34 CMakeFiles/main.dir/D_/pico-sdk/src/rp2_common/pico_stdio_usb/reset_interface.c.obj
                0x10004020                tud_vendor_control_xfer_cb
 .text.usbd_app_driver_get_cb
                0x10004054        0xc CMakeFiles/main.dir/D_/pico-sdk/src/rp2_common/pico_stdio_usb/reset_interface.c.obj
                0x10004054                usbd_app_driver_get_cb
 .text.tud_cdc_line_coding_cb
                0x10004060       0x2c CMakeFiles/main.dir/D_/pico-sdk/src/rp2_common/pico_stdio_usb/reset_interface.c.obj
                0x10004060                tud_cdc_line_coding_cb
 .text.stdio_usb_set_chars_available_callback
                0x1000408c       0x14 CMakeFiles/main.dir/D_/pico-sdk/src/rp2_common/pico_stdio_usb/stdio_usb.c.obj
                0x1000408c                stdio_usb_set_chars_available_callback
 .text.usb_irq  0x100040a0       0x10 CMakeFiles/main.dir/D_/pico-sdk/src/rp2_common/pico_stdio_usb/stdio_usb.c.obj
 .text.timer_task
                0x100040b0       0x64 CMakeFiles/main.dir/D_/pico-sdk/src/rp2_common/pico_stdio_usb/stdio_usb.c.obj
 .text.stdio_usb_in_chars
                0x10004114       0x90 CMakeFiles/main.dir/D_/pico-sdk/src/rp2_common/pico_stdio_usb/stdio_usb.c.obj
                0x10004114                stdio_usb_in_chars
 .text.stdio_usb_out_flush
                0x100041a4       0x50 CMakeFiles/main.dir/D_/pico-sdk/src/rp2_common/pico_stdio_usb/stdio_usb.c.obj
 .text.stdio_usb_out_chars
                0x100041f4      0x100 CMakeFiles/main.dir/D_/pico-sdk/src/rp2_common/pico_stdio_usb/stdio_usb.c.obj
 .text.low_priority_worker_irq
                0x100042f4       0xc8 CMakeFiles/main.dir/D_/pico-sdk/src/rp2_common/pico_stdio_usb/stdio_usb.c.obj
 .text.stdio_usb_init
                0x100043bc       0xe8 CMakeFiles/main.dir/D_/pico-sdk/src/rp2_common/pico_stdio_usb/stdio_usb.c.obj
                0x100043bc                stdio_usb_init
 .text.tud_descriptor_device_cb
                0x100044a4        0x8 CMakeFiles/main.dir/D_/pico-sdk/src/rp2_common/pico_stdio_usb/stdio_usb_descriptors.c.obj
                0x100044a4                tud_descriptor_device_cb
 .text.tud_descriptor_configuration_cb
                0x100044ac        0x8 CMakeFiles/main.dir/D_/pico-sdk/src/rp2_common/pico_stdio_usb/stdio_usb_descriptors.c.obj
                0x100044ac                tud_descriptor_configuration_cb
 .text.tud_descriptor_string_cb
                0x100044b4       0x74 CMakeFiles/main.dir/D_/pico-sdk/src/rp2_common/pico_stdio_usb/stdio_usb_descriptors.c.obj
                0x100044b4                tud_descriptor_string_cb
 .text.startup._retrieve_unique_id_on_boot
                0x10004528       0x10 CMakeFiles/main.dir/D_/pico-sdk/src/rp2_common/pico_unique_id/unique_id.c.obj
 .text.pico_get_unique_board_id_string
                0x10004538      0x1a8 CMakeFiles/main.dir/D_/pico-sdk/src/rp2_common/pico_unique_id/unique_id.c.obj
                0x10004538                pico_get_unique_board_id_string
 .text.flash_get_unique_id
                0x100046e0       0x40 CMakeFiles/main.dir/D_/pico-sdk/src/rp2_common/hardware_flash/flash.c.obj
                0x100046e0                flash_get_unique_id
 .text.dcd_init
                0x10004720       0x90 CMakeFiles/main.dir/D_/pico-sdk/lib/tinyusb/src/portable/raspberrypi/rp2040/dcd_rp2040.c.obj
                0x10004720                dcd_init
 .text.dcd_int_enable
                0x100047b0        0xc CMakeFiles/main.dir/D_/pico-sdk/lib/tinyusb/src/portable/raspberrypi/rp2040/dcd_rp2040.c.obj
                0x100047b0                dcd_int_enable
 .text.dcd_set_address
                0x100047bc       0x14 CMakeFiles/main.dir/D_/pico-sdk/lib/tinyusb/src/portable/raspberrypi/rp2040/dcd_rp2040.c.obj
                0x100047bc                dcd_set_address
 .text.dcd_sof_enable
                0x100047d0       0x1c CMakeFiles/main.dir/D_/pico-sdk/lib/tinyusb/src/portable/raspberrypi/rp2040/dcd_rp2040.c.obj
                0x100047d0                dcd_sof_enable
 .text.dcd_edpt0_status_complete
                0x100047ec       0x1c CMakeFiles/main.dir/D_/pico-sdk/lib/tinyusb/src/portable/raspberrypi/rp2040/dcd_rp2040.c.obj
                0x100047ec                dcd_edpt0_status_complete
 .text.dcd_edpt_open
                0x10004808      0x114 CMakeFiles/main.dir/D_/pico-sdk/lib/tinyusb/src/portable/raspberrypi/rp2040/dcd_rp2040.c.obj
                0x10004808                dcd_edpt_open
 .text.dcd_edpt_close_all
                0x1000491c        0x8 CMakeFiles/main.dir/D_/pico-sdk/lib/tinyusb/src/portable/raspberrypi/rp2040/dcd_rp2040.c.obj
                0x1000491c                dcd_edpt_close_all
 .text.dcd_edpt_xfer
                0x10004924       0x24 CMakeFiles/main.dir/D_/pico-sdk/lib/tinyusb/src/portable/raspberrypi/rp2040/dcd_rp2040.c.obj
                0x10004924                dcd_edpt_xfer
 .text.dcd_edpt_stall
                0x10004948       0x38 CMakeFiles/main.dir/D_/pico-sdk/lib/tinyusb/src/portable/raspberrypi/rp2040/dcd_rp2040.c.obj
                0x10004948                dcd_edpt_stall
 .text.dcd_edpt_clear_stall
                0x10004980       0x30 CMakeFiles/main.dir/D_/pico-sdk/lib/tinyusb/src/portable/raspberrypi/rp2040/dcd_rp2040.c.obj
                0x10004980                dcd_edpt_clear_stall
 .text.rp2040_usb_init
                0x100049b0       0x40 CMakeFiles/main.dir/D_/pico-sdk/lib/tinyusb/src/portable/raspberrypi/rp2040/rp2040_usb.c.obj
                0x100049b0                rp2040_usb_init
 .text.hw_endpoint_xfer_start
                0x100049f0       0x50 CMakeFiles/main.dir/D_/pico-sdk/lib/tinyusb/src/portable/raspberrypi/rp2040/rp2040_usb.c.obj
                0x100049f0                hw_endpoint_xfer_start
 .text.tud_event_hook_cb
                0x10004a40        0x4 CMakeFiles/main.dir/D_/pico-sdk/lib/tinyusb/src/device/usbd.c.obj
                0x10004a40                tud_event_hook_cb
 .text.tud_sof_cb
                0x10004a44        0x4 CMakeFiles/main.dir/D_/pico-sdk/lib/tinyusb/src/device/usbd.c.obj
                0x10004a44                tud_sof_cb
 .text.tud_descriptor_device_qualifier_cb
                0x10004a48        0x4 CMakeFiles/main.dir/D_/pico-sdk/lib/tinyusb/src/device/usbd.c.obj
                0x10004a48                tud_descriptor_device_qualifier_cb
 .text.tud_descriptor_other_speed_configuration_cb
                0x10004a4c        0x4 CMakeFiles/main.dir/D_/pico-sdk/lib/tinyusb/src/device/usbd.c.obj
                0x10004a4c                tud_descriptor_other_speed_configuration_cb
 .text.tud_mount_cb
                0x10004a50        0x4 CMakeFiles/main.dir/D_/pico-sdk/lib/tinyusb/src/device/usbd.c.obj
                0x10004a50                tud_mount_cb
 .text.tud_umount_cb
                0x10004a54        0x4 CMakeFiles/main.dir/D_/pico-sdk/lib/tinyusb/src/device/usbd.c.obj
                0x10004a54                tud_umount_cb
 .text.tud_suspend_cb
                0x10004a58        0x4 CMakeFiles/main.dir/D_/pico-sdk/lib/tinyusb/src/device/usbd.c.obj
                0x10004a58                tud_suspend_cb
 .text.tud_resume_cb
                0x10004a5c        0x4 CMakeFiles/main.dir/D_/pico-sdk/lib/tinyusb/src/device/usbd.c.obj
                0x10004a5c                tud_resume_cb
 .text.tud_mounted
                0x10004a60       0x10 CMakeFiles/main.dir/D_/pico-sdk/lib/tinyusb/src/device/usbd.c.obj
                0x10004a60                tud_mounted
 .text.tud_suspended
                0x10004a70       0x10 CMakeFiles/main.dir/D_/pico-sdk/lib/tinyusb/src/device/usbd.c.obj
                0x10004a70                tud_suspended
 .text.tud_rhport_init
                0x10004a80       0xf4 CMakeFiles/main.dir/D_/pico-sdk/lib/tinyusb/src/device/usbd.c.obj
                0x10004a80                tud_rhport_init
 .text.tud_task_ext
                0x10004b74      0x800 CMakeFiles/main.dir/D_/pico-sdk/lib/tinyusb/src/device/usbd.c.obj
                0x10004b74                tud_task_ext
 .text.usbd_open_edpt_pair
                0x10005374       0x9c CMakeFiles/main.dir/D_/pico-sdk/lib/tinyusb/src/device/usbd.c.obj
                0x10005374                usbd_open_edpt_pair
 .text.usbd_edpt_open
                0x10005410       0x34 CMakeFiles/main.dir/D_/pico-sdk/lib/tinyusb/src/device/usbd.c.obj
                0x10005410                usbd_edpt_open
 .text.usbd_edpt_claim
                0x10005444       0x28 CMakeFiles/main.dir/D_/pico-sdk/lib/tinyusb/src/device/usbd.c.obj
                0x10005444                usbd_edpt_claim
 .text.usbd_edpt_release
                0x1000546c       0x28 CMakeFiles/main.dir/D_/pico-sdk/lib/tinyusb/src/device/usbd.c.obj
                0x1000546c                usbd_edpt_release
 .text.usbd_edpt_xfer
                0x10005494       0x4c CMakeFiles/main.dir/D_/pico-sdk/lib/tinyusb/src/device/usbd.c.obj
                0x10005494                usbd_edpt_xfer
 .text.tud_control_status
                0x100054e0       0x30 CMakeFiles/main.dir/D_/pico-sdk/lib/tinyusb/src/device/usbd_control.c.obj
                0x100054e0                tud_control_status
 .text.tud_control_xfer
                0x10005510       0xbc CMakeFiles/main.dir/D_/pico-sdk/lib/tinyusb/src/device/usbd_control.c.obj
                0x10005510                tud_control_xfer
 .text.usbd_control_reset
                0x100055cc       0x14 CMakeFiles/main.dir/D_/pico-sdk/lib/tinyusb/src/device/usbd_control.c.obj
                0x100055cc                usbd_control_reset
 .text.usbd_control_set_complete_callback
                0x100055e0        0xc CMakeFiles/main.dir/D_/pico-sdk/lib/tinyusb/src/device/usbd_control.c.obj
                0x100055e0                usbd_control_set_complete_callback
 .text.usbd_control_set_request
                0x100055ec       0x1c CMakeFiles/main.dir/D_/pico-sdk/lib/tinyusb/src/device/usbd_control.c.obj
                0x100055ec                usbd_control_set_request
 .text.usbd_control_xfer_cb
                0x10005608       0xf0 CMakeFiles/main.dir/D_/pico-sdk/lib/tinyusb/src/device/usbd_control.c.obj
                0x10005608                usbd_control_xfer_cb
 .text._prep_out_transaction.isra.0
                0x100056f8       0x6c CMakeFiles/main.dir/D_/pico-sdk/lib/tinyusb/src/class/cdc/cdc_device.c.obj
 .text.tud_cdc_n_connected
                0x10005764       0x2c CMakeFiles/main.dir/D_/pico-sdk/lib/tinyusb/src/class/cdc/cdc_device.c.obj
                0x10005764                tud_cdc_n_connected
 .text.tud_cdc_n_available
                0x10005790       0x18 CMakeFiles/main.dir/D_/pico-sdk/lib/tinyusb/src/class/cdc/cdc_device.c.obj
                0x10005790                tud_cdc_n_available
 .text.tud_cdc_n_read
                0x100057a8       0x94 CMakeFiles/main.dir/D_/pico-sdk/lib/tinyusb/src/class/cdc/cdc_device.c.obj
                0x100057a8                tud_cdc_n_read
 .text.tud_cdc_n_write_flush
                0x1000583c       0x78 CMakeFiles/main.dir/D_/pico-sdk/lib/tinyusb/src/class/cdc/cdc_device.c.obj
                0x1000583c                tud_cdc_n_write_flush
 .text.tud_cdc_n_write
                0x100058b4       0x44 CMakeFiles/main.dir/D_/pico-sdk/lib/tinyusb/src/class/cdc/cdc_device.c.obj
                0x100058b4                tud_cdc_n_write
 .text.tud_cdc_n_write_available
                0x100058f8       0x18 CMakeFiles/main.dir/D_/pico-sdk/lib/tinyusb/src/class/cdc/cdc_device.c.obj
                0x100058f8                tud_cdc_n_write_available
 .text.cdcd_init
                0x10005910       0x70 CMakeFiles/main.dir/D_/pico-sdk/lib/tinyusb/src/class/cdc/cdc_device.c.obj
                0x10005910                cdcd_init
 .text.cdcd_deinit
                0x10005980       0x24 CMakeFiles/main.dir/D_/pico-sdk/lib/tinyusb/src/class/cdc/cdc_device.c.obj
                0x10005980                cdcd_deinit
 .text.cdcd_reset
                0x100059a4       0x4c CMakeFiles/main.dir/D_/pico-sdk/lib/tinyusb/src/class/cdc/cdc_device.c.obj
                0x100059a4                cdcd_reset
 .text.cdcd_open
                0x100059f0       0xa8 CMakeFiles/main.dir/D_/pico-sdk/lib/tinyusb/src/class/cdc/cdc_device.c.obj
                0x100059f0                cdcd_open
 .text.cdcd_control_xfer_cb
                0x10005a98       0xe8 CMakeFiles/main.dir/D_/pico-sdk/lib/tinyusb/src/class/cdc/cdc_device.c.obj
                0x10005a98                cdcd_control_xfer_cb
 .text.cdcd_xfer_cb
                0x10005b80       0xfc CMakeFiles/main.dir/D_/pico-sdk/lib/tinyusb/src/class/cdc/cdc_device.c.obj
                0x10005b80                cdcd_xfer_cb
 .text.vendord_init
                0x10005c7c       0x5c CMakeFiles/main.dir/D_/pico-sdk/lib/tinyusb/src/class/vendor/vendor_device.c.obj
                0x10005c7c                vendord_init
 .text.vendord_deinit
                0x10005cd8       0x1c CMakeFiles/main.dir/D_/pico-sdk/lib/tinyusb/src/class/vendor/vendor_device.c.obj
                0x10005cd8                vendord_deinit
 .text.vendord_reset
                0x10005cf4       0x28 CMakeFiles/main.dir/D_/pico-sdk/lib/tinyusb/src/class/vendor/vendor_device.c.obj
                0x10005cf4                vendord_reset
 .text.vendord_open
                0x10005d1c      0x128 CMakeFiles/main.dir/D_/pico-sdk/lib/tinyusb/src/class/vendor/vendor_device.c.obj
                0x10005d1c                vendord_open
 .text.vendord_xfer_cb
                0x10005e44       0x9c CMakeFiles/main.dir/D_/pico-sdk/lib/tinyusb/src/class/vendor/vendor_device.c.obj
                0x10005e44                vendord_xfer_cb
 .text.tusb_rhport_init
                0x10005ee0       0x48 CMakeFiles/main.dir/D_/pico-sdk/lib/tinyusb/src/tusb.c.obj
                0x10005ee0                tusb_rhport_init
 .text.tu_edpt_claim
                0x10005f28       0x50 CMakeFiles/main.dir/D_/pico-sdk/lib/tinyusb/src/tusb.c.obj
                0x10005f28                tu_edpt_claim
 .text.tu_edpt_release
                0x10005f78       0x38 CMakeFiles/main.dir/D_/pico-sdk/lib/tinyusb/src/tusb.c.obj
                0x10005f78                tu_edpt_release
 .text.tu_edpt_validate
                0x10005fb0       0x78 CMakeFiles/main.dir/D_/pico-sdk/lib/tinyusb/src/tusb.c.obj
                0x10005fb0                tu_edpt_validate
 .text.tu_edpt_bind_driver
                0x10006028       0x34 CMakeFiles/main.dir/D_/pico-sdk/lib/tinyusb/src/tusb.c.obj
                0x10006028                tu_edpt_bind_driver
 .text.tu_edpt_stream_init
                0x1000605c       0x6c CMakeFiles/main.dir/D_/pico-sdk/lib/tinyusb/src/tusb.c.obj
                0x1000605c                tu_edpt_stream_init
 .text.tu_edpt_stream_deinit
                0x100060c8        0x4 CMakeFiles/main.dir/D_/pico-sdk/lib/tinyusb/src/tusb.c.obj
                0x100060c8                tu_edpt_stream_deinit
 .text.tu_edpt_stream_write_zlp_if_needed
                0x100060cc       0x58 CMakeFiles/main.dir/D_/pico-sdk/lib/tinyusb/src/tusb.c.obj
                0x100060cc                tu_edpt_stream_write_zlp_if_needed
 .text.tu_edpt_stream_write_xfer
                0x10006124       0x64 CMakeFiles/main.dir/D_/pico-sdk/lib/tinyusb/src/tusb.c.obj
                0x10006124                tu_edpt_stream_write_xfer
 .text.tu_edpt_stream_read_xfer
                0x10006188       0xdc CMakeFiles/main.dir/D_/pico-sdk/lib/tinyusb/src/tusb.c.obj
                0x10006188                tu_edpt_stream_read_xfer
 .text.tu_fifo_config
                0x10006264       0x70 CMakeFiles/main.dir/D_/pico-sdk/lib/tinyusb/src/common/tusb_fifo.c.obj
                0x10006264                tu_fifo_config
 .text.tu_fifo_count
                0x100062d4       0x2c CMakeFiles/main.dir/D_/pico-sdk/lib/tinyusb/src/common/tusb_fifo.c.obj
                0x100062d4                tu_fifo_count
 .text.tu_fifo_empty
                0x10006300       0x10 CMakeFiles/main.dir/D_/pico-sdk/lib/tinyusb/src/common/tusb_fifo.c.obj
                0x10006300                tu_fifo_empty
 .text.tu_fifo_remaining
                0x10006310       0x2c CMakeFiles/main.dir/D_/pico-sdk/lib/tinyusb/src/common/tusb_fifo.c.obj
                0x10006310                tu_fifo_remaining
 .text.tu_fifo_read
                0x1000633c       0xa0 CMakeFiles/main.dir/D_/pico-sdk/lib/tinyusb/src/common/tusb_fifo.c.obj
                0x1000633c                tu_fifo_read
 .text.tu_fifo_read_n
                0x100063dc       0xec CMakeFiles/main.dir/D_/pico-sdk/lib/tinyusb/src/common/tusb_fifo.c.obj
                0x100063dc                tu_fifo_read_n
 .text.tu_fifo_write
                0x100064c8       0x88 CMakeFiles/main.dir/D_/pico-sdk/lib/tinyusb/src/common/tusb_fifo.c.obj
                0x100064c8                tu_fifo_write
 .text.tu_fifo_write_n
                0x10006550      0x168 CMakeFiles/main.dir/D_/pico-sdk/lib/tinyusb/src/common/tusb_fifo.c.obj
                0x10006550                tu_fifo_write_n
 .text.tu_fifo_clear
                0x100066b8       0x40 CMakeFiles/main.dir/D_/pico-sdk/lib/tinyusb/src/common/tusb_fifo.c.obj
                0x100066b8                tu_fifo_clear
 .text.tu_fifo_set_overwritable
                0x100066f8       0x48 CMakeFiles/main.dir/D_/pico-sdk/lib/tinyusb/src/common/tusb_fifo.c.obj
                0x100066f8                tu_fifo_set_overwritable
 .text.strlen   0x10006740       0x5c c:/progra~2/gnuarm~1/102021~1.10/bin/../lib/gcc/arm-none-eabi/10.3.1/../../../../arm-none-eabi/lib/thumb/v6-m/nofp\libg.a(lib_a-strlen-stub.o)
                0x10006740                strlen
 *(.fini)
 .fini          0x1000679c        0x4 c:/progra~2/gnuarm~1/102021~1.10/bin/../lib/gcc/arm-none-eabi/10.3.1/thumb/v6-m/nofp/crti.o
                0x1000679c                _fini
 .fini.__stub   0x100067a0       0xd0 linker stubs
 *crtbegin.o(.ctors)
 *crtbegin?.o(.ctors)
 *(EXCLUDE_FILE(*crtend.o *crtend?.o) .ctors)
 *(SORT_BY_NAME(.ctors.*))
 *(.ctors)
 *crtbegin.o(.dtors)
 *crtbegin?.o(.dtors)
 *(EXCLUDE_FILE(*crtend.o *crtend?.o) .dtors)
 *(SORT_BY_NAME(.dtors.*))
 *(.dtors)
                0x10006870                . = ALIGN (0x4)
                0x10006870                PROVIDE (__preinit_array_start = .)
 *(SORT_BY_NAME(.preinit_array.*))
 .preinit_array.00100
                0x10006870        0x4 CMakeFiles/main.dir/D_/pico-sdk/src/rp2_common/pico_runtime_init/runtime_init.c.obj
                0x10006870                __pre_init_runtime_init_early_resets
 .preinit_array.00101
                0x10006874        0x4 CMakeFiles/main.dir/D_/pico-sdk/src/rp2_common/pico_runtime_init/runtime_init.c.obj
                0x10006874                __pre_init_runtime_init_usb_power_down
 .preinit_array.00275
                0x10006878        0x4 CMakeFiles/main.dir/D_/pico-sdk/src/rp2_common/pico_bit_ops/bit_ops_aeabi.S.obj
 .preinit_array.00300
                0x1000687c        0x4 CMakeFiles/main.dir/D_/pico-sdk/src/rp2_common/pico_mem_ops/mem_ops_aeabi.S.obj
 .preinit_array.00350
                0x10006880        0x4 CMakeFiles/main.dir/D_/pico-sdk/src/rp2_common/pico_double/double_aeabi_rp2040.S.obj
 .preinit_array.00350
                0x10006884        0x4 CMakeFiles/main.dir/D_/pico-sdk/src/rp2_common/pico_float/float_aeabi_rp2040.S.obj
 .preinit_array.00500
                0x10006888        0x4 CMakeFiles/main.dir/D_/pico-sdk/src/rp2_common/pico_runtime_init/runtime_init.c.obj
                0x10006888                __pre_init_runtime_init_clocks
 .preinit_array.00600
                0x1000688c        0x4 CMakeFiles/main.dir/D_/pico-sdk/src/rp2_common/pico_runtime_init/runtime_init.c.obj
                0x1000688c                __pre_init_runtime_init_post_clock_resets
 .preinit_array.00700
                0x10006890        0x4 CMakeFiles/main.dir/D_/pico-sdk/src/rp2_common/pico_runtime_init/runtime_init.c.obj
                0x10006890                __pre_init_runtime_init_rp2040_gpio_ie_disable
 .preinit_array.01000
                0x10006894        0x4 CMakeFiles/main.dir/D_/pico-sdk/src/rp2_common/pico_runtime_init/runtime_init.c.obj
                0x10006894                __pre_init_runtime_init_spin_locks_reset
 .preinit_array.01100
                0x10006898        0x4 CMakeFiles/main.dir/D_/pico-sdk/src/common/pico_sync/mutex.c.obj
                0x10006898                __pre_init_runtime_init_mutex
 .preinit_array.10080
                0x1000689c        0x4 CMakeFiles/main.dir/D_/pico-sdk/src/rp2_common/pico_runtime_init/runtime_init.c.obj
                0x1000689c                __pre_init_runtime_init_install_ram_vector_table
 .preinit_array.11000
                0x100068a0        0x4 CMakeFiles/main.dir/D_/pico-sdk/src/common/pico_time/time.c.obj
                0x100068a0                __pre_init_runtime_init_default_alarm_pool
 .preinit_array.YYYYY
                0x100068a4        0x4 CMakeFiles/main.dir/D_/pico-sdk/src/rp2_common/pico_runtime/runtime.c.obj
                0x100068a4                __pre_init_first_per_core_initializer
 .preinit_array.ZZZZZ.01200
                0x100068a8        0x4 CMakeFiles/main.dir/D_/pico-sdk/src/rp2_common/hardware_irq/irq.c.obj
                0x100068a8                __pre_init_runtime_init_per_core_irq_priorities
 *(.preinit_array)
                0x100068ac                PROVIDE (__preinit_array_end = .)
                0x100068ac                . = ALIGN (0x4)
                0x100068ac                PROVIDE (__init_array_start = .)
 *(SORT_BY_NAME(.init_array.*))
 *(.init_array)
 .init_array    0x100068ac        0x4 c:/progra~2/gnuarm~1/102021~1.10/bin/../lib/gcc/arm-none-eabi/10.3.1/thumb/v6-m/nofp/crtbegin.o
 .init_array    0x100068b0        0x4 CMakeFiles/main.dir/D_/pico-sdk/src/rp2_common/pico_unique_id/unique_id.c.obj
                0x100068b4                PROVIDE (__init_array_end = .)
                0x100068b4                . = ALIGN (0x4)
                [!provide]                PROVIDE (__fini_array_start = .)
 *(SORT_BY_NAME(.fini_array.*))
 *(.fini_array)
                [!provide]                PROVIDE (__fini_array_end = .)
 *(.eh_frame*)
 .eh_frame      0x100068b4        0x0 c:/progra~2/gnuarm~1/102021~1.10/bin/../lib/gcc/arm-none-eabi/10.3.1/thumb/v6-m/nofp/crtbegin.o
                0x100068b4                . = ALIGN (0x4)

.glue_7         0x100068b4        0x0
 .glue_7        0x100068b4        0x0 linker stubs

.glue_7t        0x100068b4        0x0
 .glue_7t       0x100068b4        0x0 linker stubs

.vfp11_veneer   0x100068b4        0x0
 .vfp11_veneer  0x100068b4        0x0 linker stubs

.v4_bx          0x100068b4        0x0
 .v4_bx         0x100068b4        0x0 linker stubs

.iplt           0x100068b4        0x0
 .iplt          0x100068b4        0x0 c:/progra~2/gnuarm~1/102021~1.10/bin/../lib/gcc/arm-none-eabi/10.3.1/thumb/v6-m/nofp/crtbegin.o

.rodata         0x100068b8      0x680
 *(EXCLUDE_FILE(*libm.a: *libc.a:*lib_a-mem*.o *libgcc.a:) .rodata*)
 .rodata.main.str1.4
                0x100068b8       0x18 CMakeFiles/main.dir/main.cpp.obj
 .rodata        0x100068d0       0x14 CMakeFiles/main.dir/main.cpp.obj
 .rodata.panic.str1.4
                0x100068e4       0x12 CMakeFiles/main.dir/D_/pico-sdk/src/rp2_common/pico_platform_panic/panic.c.obj
 *fill*         0x100068f6        0x2 
 .rodata.spin_lock_claim_unused.str1.4
                0x100068f8       0x1b CMakeFiles/main.dir/D_/pico-sdk/src/rp2_common/hardware_sync/sync.c.obj
 *fill*         0x10006913        0x1 
 .rodata.user_irq_claim_unused.str1.4
                0x10006914       0x1b CMakeFiles/main.dir/D_/pico-sdk/src/rp2_common/hardware_irq/irq.c.obj
 *fill*         0x1000692f        0x1 
 .rodata.timer_hardware_alarm_claim.str1.4
                0x10006930       0x22 CMakeFiles/main.dir/D_/pico-sdk/src/rp2_common/hardware_timer/timer.c.obj
 *fill*         0x10006952        0x2 
 .rodata.hard_assertion_failure.str1.4
                0x10006954        0xc CMakeFiles/main.dir/D_/pico-sdk/src/rp2_common/pico_runtime/runtime.c.obj
 .rodata.str1.4
                0x10006960       0x3c CMakeFiles/main.dir/D_/pico-sdk/src/rp2_common/pico_standard_binary_info/standard_binary_info.c.obj
 .rodata.__bi_26
                0x1000699c        0xc CMakeFiles/main.dir/D_/pico-sdk/src/rp2_common/pico_standard_binary_info/standard_binary_info.c.obj
 .rodata.__bi_34
                0x100069a8        0xc CMakeFiles/main.dir/D_/pico-sdk/src/rp2_common/pico_standard_binary_info/standard_binary_info.c.obj
 .rodata.__bi_42
                0x100069b4        0xc CMakeFiles/main.dir/D_/pico-sdk/src/rp2_common/pico_standard_binary_info/standard_binary_info.c.obj
 .rodata.__bi_48
                0x100069c0        0xc CMakeFiles/main.dir/D_/pico-sdk/src/rp2_common/pico_standard_binary_info/standard_binary_info.c.obj
 .rodata.__bi_54
                0x100069cc        0xc CMakeFiles/main.dir/D_/pico-sdk/src/rp2_common/pico_standard_binary_info/standard_binary_info.c.obj
 .rodata.__bi_78
                0x100069d8        0xc CMakeFiles/main.dir/D_/pico-sdk/src/rp2_common/pico_standard_binary_info/standard_binary_info.c.obj
 .rodata.__bi_84
                0x100069e4        0xc CMakeFiles/main.dir/D_/pico-sdk/src/rp2_common/pico_standard_binary_info/standard_binary_info.c.obj
 .rodata._ftoa.str1.4
                0x100069f0       0x15 CMakeFiles/main.dir/D_/pico-sdk/src/rp2_common/pico_printf/printf.c.obj
 *fill*         0x10006a05        0x3 
 .rodata._vsnprintf
                0x10006a08      0x1e0 CMakeFiles/main.dir/D_/pico-sdk/src/rp2_common/pico_printf/printf.c.obj
 .rodata.pow10.0
                0x10006be8       0x50 CMakeFiles/main.dir/D_/pico-sdk/src/rp2_common/pico_printf/printf.c.obj
 .rodata.crlf_str.0
                0x10006c38        0x2 CMakeFiles/main.dir/D_/pico-sdk/src/rp2_common/pico_stdio/stdio.c.obj
 *fill*         0x10006c3a        0x2 
 .rodata._resetd_driver
                0x10006c3c       0x20 CMakeFiles/main.dir/D_/pico-sdk/src/rp2_common/pico_stdio_usb/reset_interface.c.obj
 .rodata.desc_bos
                0x10006c5c       0x21 CMakeFiles/main.dir/D_/pico-sdk/src/rp2_common/pico_stdio_usb/reset_interface.c.obj
                0x10006c5c                desc_bos
 *fill*         0x10006c7d        0x3 
 .rodata.desc_ms_os_20
                0x10006c80       0xa6 CMakeFiles/main.dir/D_/pico-sdk/src/rp2_common/pico_stdio_usb/reset_interface.c.obj
 *fill*         0x10006d26        0x2 
 .rodata.str1.4
                0x10006d28       0x13 CMakeFiles/main.dir/D_/pico-sdk/src/rp2_common/pico_stdio_usb/stdio_usb.c.obj
 *fill*         0x10006d3b        0x1 
 .rodata.__bi_197.0
                0x10006d3c        0xc CMakeFiles/main.dir/D_/pico-sdk/src/rp2_common/pico_stdio_usb/stdio_usb.c.obj
 .rodata.str1.4
                0x10006d48       0x2a CMakeFiles/main.dir/D_/pico-sdk/src/rp2_common/pico_stdio_usb/stdio_usb_descriptors.c.obj
 *fill*         0x10006d72        0x2 
 .rodata.usbd_desc_cfg
                0x10006d74       0x54 CMakeFiles/main.dir/D_/pico-sdk/src/rp2_common/pico_stdio_usb/stdio_usb_descriptors.c.obj
 .rodata.usbd_desc_device
                0x10006dc8       0x12 CMakeFiles/main.dir/D_/pico-sdk/src/rp2_common/pico_stdio_usb/stdio_usb_descriptors.c.obj
 *fill*         0x10006dda        0x2 
 .rodata.usbd_desc_str
                0x10006ddc       0x18 CMakeFiles/main.dir/D_/pico-sdk/src/rp2_common/pico_stdio_usb/stdio_usb_descriptors.c.obj
 .rodata.str1.4
                0x10006df4       0x14 CMakeFiles/main.dir/D_/pico-sdk/lib/tinyusb/src/portable/raspberrypi/rp2040/dcd_rp2040.c.obj
 .rodata.str1.4
                0x10006e08       0x48 CMakeFiles/main.dir/D_/pico-sdk/lib/tinyusb/src/portable/raspberrypi/rp2040/rp2040_usb.c.obj
 .rodata.tud_task_ext
                0x10006e50       0x8c CMakeFiles/main.dir/D_/pico-sdk/lib/tinyusb/src/device/usbd.c.obj
 .rodata        0x10006edc       0x1c CMakeFiles/main.dir/D_/pico-sdk/lib/tinyusb/src/device/usbd.c.obj
 .rodata._usbd_driver
                0x10006ef8       0x40 CMakeFiles/main.dir/D_/pico-sdk/lib/tinyusb/src/device/usbd.c.obj
                0x10006f38                . = ALIGN (0x4)
 *(SORT_BY_ALIGNMENT(SORT_BY_NAME(.flashdata*)))
                0x10006f38                . = ALIGN (0x4)

.ARM.extab
 *(.ARM.extab* .gnu.linkonce.armextab.*)
                0x10006f38                __exidx_start = .

.ARM.exidx
 *(.ARM.exidx* .gnu.linkonce.armexidx.*)
                0x10006f38                __exidx_end = .
                0x10006f38                . = ALIGN (0x4)
                0x10006f38                __binary_info_start = .

.binary_info    0x10006f38       0x20
 *(.binary_info.keep.*)
 .binary_info.keep.__bi_ptr26
                0x10006f38        0x4 CMakeFiles/main.dir/D_/pico-sdk/src/rp2_common/pico_standard_binary_info/standard_binary_info.c.obj
 .binary_info.keep.__bi_ptr34
                0x10006f3c        0x4 CMakeFiles/main.dir/D_/pico-sdk/src/rp2_common/pico_standard_binary_info/standard_binary_info.c.obj
 .binary_info.keep.__bi_ptr42
                0x10006f40        0x4 CMakeFiles/main.dir/D_/pico-sdk/src/rp2_common/pico_standard_binary_info/standard_binary_info.c.obj
 .binary_info.keep.__bi_ptr48
                0x10006f44        0x4 CMakeFiles/main.dir/D_/pico-sdk/src/rp2_common/pico_standard_binary_info/standard_binary_info.c.obj
 .binary_info.keep.__bi_ptr54
                0x10006f48        0x4 CMakeFiles/main.dir/D_/pico-sdk/src/rp2_common/pico_standard_binary_info/standard_binary_info.c.obj
 .binary_info.keep.__bi_ptr78
                0x10006f4c        0x4 CMakeFiles/main.dir/D_/pico-sdk/src/rp2_common/pico_standard_binary_info/standard_binary_info.c.obj
 .binary_info.keep.__bi_ptr84
                0x10006f50        0x4 CMakeFiles/main.dir/D_/pico-sdk/src/rp2_common/pico_standard_binary_info/standard_binary_info.c.obj
 *(.binary_info.*)
 .binary_info.__bi_ptr197
                0x10006f54        0x4 CMakeFiles/main.dir/D_/pico-sdk/src/rp2_common/pico_stdio_usb/stdio_usb.c.obj
                0x10006f58                __binary_info_end = .

.rel.dyn        0x10006f58        0x0
 .rel.iplt      0x10006f58        0x0 c:/progra~2/gnuarm~1/102021~1.10/bin/../lib/gcc/arm-none-eabi/10.3.1/thumb/v6-m/nofp/crtbegin.o
                0x10006f58                . = ALIGN (0x4)

.ram_vector_table
                0x20000000       0xc0
 *(.ram_vector_table)
 .ram_vector_table
                0x20000000       0xc0 CMakeFiles/main.dir/D_/pico-sdk/src/rp2_common/pico_runtime_init/runtime_init.c.obj
                0x20000000                ram_vector_table

.uninitialized_data
                0x200000c0        0x0
                0x200000c0                . = ALIGN (0x4)
 *(.uninitialized_data*)

.data           0x200000c0      0xfd0 load address 0x10006f58
                0x200000c0                __data_start__ = .
 *(vtable)
 *(.time_critical*)
 .time_critical.mutex_try_enter
                0x200000c0       0x44 CMakeFiles/main.dir/D_/pico-sdk/src/common/pico_sync/mutex.c.obj
                0x200000c0                mutex_try_enter
 .time_critical.mutex_try_enter_block_until
                0x20000104       0x9c CMakeFiles/main.dir/D_/pico-sdk/src/common/pico_sync/mutex.c.obj
                0x20000104                mutex_try_enter_block_until
 .time_critical.mutex_enter_timeout_ms
                0x200001a0       0x90 CMakeFiles/main.dir/D_/pico-sdk/src/common/pico_sync/mutex.c.obj
                0x200001a0                mutex_enter_timeout_ms
 .time_critical.mutex_exit
                0x20000230       0x28 CMakeFiles/main.dir/D_/pico-sdk/src/common/pico_sync/mutex.c.obj
                0x20000230                mutex_exit
 .time_critical.flash_init_boot2_copyout
                0x20000258       0x30 CMakeFiles/main.dir/D_/pico-sdk/src/rp2_common/hardware_flash/flash.c.obj
 .time_critical.flash_enable_xip_via_boot2
                0x20000288       0x10 CMakeFiles/main.dir/D_/pico-sdk/src/rp2_common/hardware_flash/flash.c.obj
 .time_critical.flash_cs_force
                0x20000298       0x38 CMakeFiles/main.dir/D_/pico-sdk/src/rp2_common/hardware_flash/flash.c.obj
 .time_critical.flash_do_cmd
                0x200002d0       0xc4 CMakeFiles/main.dir/D_/pico-sdk/src/rp2_common/hardware_flash/flash.c.obj
                0x200002d0                flash_do_cmd
 .time_critical.reset_non_control_endpoints
                0x20000394       0xbc CMakeFiles/main.dir/D_/pico-sdk/lib/tinyusb/src/portable/raspberrypi/rp2040/dcd_rp2040.c.obj
 .time_critical.hw_handle_buff_status
                0x20000450       0x98 CMakeFiles/main.dir/D_/pico-sdk/lib/tinyusb/src/portable/raspberrypi/rp2040/dcd_rp2040.c.obj
 .time_critical.dcd_rp2040_irq
                0x200004e8      0x530 CMakeFiles/main.dir/D_/pico-sdk/lib/tinyusb/src/portable/raspberrypi/rp2040/dcd_rp2040.c.obj
 .time_critical.prepare_ep_buffer
                0x20000a18       0xf4 CMakeFiles/main.dir/D_/pico-sdk/lib/tinyusb/src/portable/raspberrypi/rp2040/rp2040_usb.c.obj
 .time_critical.sync_ep_buffer
                0x20000b0c       0xb4 CMakeFiles/main.dir/D_/pico-sdk/lib/tinyusb/src/portable/raspberrypi/rp2040/rp2040_usb.c.obj
 .time_critical._hw_endpoint_xfer_sync
                0x20000bc0       0x28 CMakeFiles/main.dir/D_/pico-sdk/lib/tinyusb/src/portable/raspberrypi/rp2040/rp2040_usb.c.obj
 .time_critical.e15_is_bulkin_ep
                0x20000be8       0x28 CMakeFiles/main.dir/D_/pico-sdk/lib/tinyusb/src/portable/raspberrypi/rp2040/rp2040_usb.c.obj
 .time_critical.e15_is_critical_frame_period
                0x20000c10       0x34 CMakeFiles/main.dir/D_/pico-sdk/lib/tinyusb/src/portable/raspberrypi/rp2040/rp2040_usb.c.obj
 .time_critical.hw_endpoint_reset_transfer
                0x20000c44        0xc CMakeFiles/main.dir/D_/pico-sdk/lib/tinyusb/src/portable/raspberrypi/rp2040/rp2040_usb.c.obj
                0x20000c44                hw_endpoint_reset_transfer
 .time_critical._hw_endpoint_buffer_control_update32
                0x20000c50       0x50 CMakeFiles/main.dir/D_/pico-sdk/lib/tinyusb/src/portable/raspberrypi/rp2040/rp2040_usb.c.obj
                0x20000c50                _hw_endpoint_buffer_control_update32
 .time_critical.hw_endpoint_start_next_buffer
                0x20000ca0       0x6c CMakeFiles/main.dir/D_/pico-sdk/lib/tinyusb/src/portable/raspberrypi/rp2040/rp2040_usb.c.obj
                0x20000ca0                hw_endpoint_start_next_buffer
 .time_critical.hw_endpoint_xfer_continue
                0x20000d0c       0x40 CMakeFiles/main.dir/D_/pico-sdk/lib/tinyusb/src/portable/raspberrypi/rp2040/rp2040_usb.c.obj
                0x20000d0c                hw_endpoint_xfer_continue
 .time_critical.tinyusb
                0x20000d4c      0x1f0 CMakeFiles/main.dir/D_/pico-sdk/lib/tinyusb/src/device/usbd.c.obj
                0x20000d4c                dcd_event_handler
 *(.text*)
 .text          0x20000f3c        0x4 c:/progra~2/gnuarm~1/102021~1.10/bin/../lib/gcc/arm-none-eabi/10.3.1/thumb/v6-m/nofp\libgcc.a(_dvmd_tls.o)
                0x20000f3c                __aeabi_idiv0
                0x20000f3c                __aeabi_ldiv0
 .text.__stub   0x20000f40       0x80 linker stubs
                0x20000fc0                . = ALIGN (0x4)
 *(.rodata*)
                0x20000fc0                . = ALIGN (0x4)
 *(.data*)
 .data.striped_spin_lock_num
                0x20000fc0        0x1 CMakeFiles/main.dir/D_/pico-sdk/src/rp2_common/hardware_sync/sync.c.obj
 *fill*         0x20000fc1        0x3 
 .data          0x20000fc4       0x48 CMakeFiles/main.dir/D_/pico-sdk/src/rp2_common/hardware_irq/irq_handler_chain.S.obj
                0x20000fc4                irq_handler_chain_slots
                0x20000ff4                irq_handler_chain_first_slot
                0x20000ffe                irq_handler_chain_remove_tail
 .data.default_alarm_pool
                0x2000100c       0x18 CMakeFiles/main.dir/D_/pico-sdk/src/common/pico_time/time.c.obj
 *fill*         0x20001024        0xc 
 .data.aeabi_bits_funcs
                0x20001030       0x10 CMakeFiles/main.dir/D_/pico-sdk/src/rp2_common/pico_bit_ops/bit_ops_aeabi.S.obj
                0x20001030                aeabi_bits_funcs
                0x20001040                aeabi_bits_funcs_end
 .data.aeabi_mem_funcs
                0x20001040       0x10 CMakeFiles/main.dir/D_/pico-sdk/src/rp2_common/pico_mem_ops/mem_ops_aeabi.S.obj
                0x20001040                aeabi_mem_funcs
                0x20001050                aeabi_mem_funcs_end
 .data.stdio_usb
                0x20001050       0x18 CMakeFiles/main.dir/D_/pico-sdk/src/rp2_common/pico_stdio_usb/stdio_usb.c.obj
                0x20001050                stdio_usb
 .data._usbd_qdef
                0x20001068       0x1c CMakeFiles/main.dir/D_/pico-sdk/lib/tinyusb/src/device/usbd.c.obj
                0x20001068                _usbd_qdef
 .data._usbd_rhport
                0x20001084        0x1 CMakeFiles/main.dir/D_/pico-sdk/lib/tinyusb/src/device/usbd.c.obj
                0x20001088                . = ALIGN (0x4)
 *fill*         0x20001085        0x3 
 *(.after_data.*)
                0x20001088                . = ALIGN (0x4)
                0x20001088                PROVIDE (__mutex_array_start = .)
 *(SORT_BY_NAME(.mutex_array.*))
 *(.mutex_array)
 .mutex_array   0x20001088        0x8 CMakeFiles/main.dir/D_/pico-sdk/src/rp2_common/pico_stdio/stdio.c.obj
                0x20001090                PROVIDE (__mutex_array_end = .)
                0x20001090                . = ALIGN (0x4)
 *(.jcr)
                0x20001090                . = ALIGN (0x4)

.igot.plt       0x20001090        0x0 load address 0x10007f28
 .igot.plt      0x20001090        0x0 c:/progra~2/gnuarm~1/102021~1.10/bin/../lib/gcc/arm-none-eabi/10.3.1/thumb/v6-m/nofp/crtbegin.o

.tdata          0x20001090        0x0 load address 0x10007f28
                0x20001090                . = ALIGN (0x4)
 *(.tdata .tdata.* .gnu.linkonce.td.*)
                0x20001090                __tdata_end = .
                0x20001090                PROVIDE (__data_end__ = .)
                0x10006f58                __etext = LOADADDR (.data)

.tbss           0x20001090        0x0 load address 0x10007f28
                0x20001090                . = ALIGN (0x4)
                0x20001090                __bss_start__ = .
                0x20001090                __tls_base = .
 *(.tbss .tbss.* .gnu.linkonce.tb.*)
 *(.tcommon)
                0x20001090                __tls_end = .

.bss            0x20001090      0xf00 load address 0x10007f28
                0x20001090                . = ALIGN (0x4)
                0x20001090                __tbss_end = .
 *(SORT_BY_ALIGNMENT(SORT_BY_NAME(.bss*)))
 .bss.default_alarm_pool_entries
                0x20001090      0x180 CMakeFiles/main.dir/D_/pico-sdk/src/common/pico_time/time.c.obj
 .bss.last_avail_time.1
                0x20001210        0x8 CMakeFiles/main.dir/D_/pico-sdk/src/rp2_common/pico_stdio_usb/stdio_usb.c.obj
 .bss.sd_table  0x20001218      0x100 CMakeFiles/main.dir/D_/pico-sdk/src/rp2_common/pico_double/double_init_rom_rp2040.c.obj
                0x20001218                sd_table
 .bss.sf_table  0x20001318      0x100 CMakeFiles/main.dir/D_/pico-sdk/src/rp2_common/pico_float/float_init_rom_rp2040.c.obj
                0x20001318                sf_table
 .bss           0x20001418       0x1c c:/progra~2/gnuarm~1/102021~1.10/bin/../lib/gcc/arm-none-eabi/10.3.1/thumb/v6-m/nofp/crtbegin.o
 .bss._app_driver
                0x20001434        0x4 CMakeFiles/main.dir/D_/pico-sdk/lib/tinyusb/src/device/usbd.c.obj
 .bss._cdcd_epbuf
                0x20001438       0x80 CMakeFiles/main.dir/D_/pico-sdk/lib/tinyusb/src/class/cdc/cdc_device.c.obj
 .bss._cdcd_fifo_cfg
                0x200014b8        0x1 CMakeFiles/main.dir/D_/pico-sdk/lib/tinyusb/src/class/cdc/cdc_device.c.obj
 *fill*         0x200014b9        0x3 
 .bss._cdcd_itf
                0x200014bc       0xc8 CMakeFiles/main.dir/D_/pico-sdk/lib/tinyusb/src/class/cdc/cdc_device.c.obj
 .bss._ctrl_epbuf
                0x20001584       0x40 CMakeFiles/main.dir/D_/pico-sdk/lib/tinyusb/src/device/usbd_control.c.obj
 .bss._ctrl_xfer
                0x200015c4       0x14 CMakeFiles/main.dir/D_/pico-sdk/lib/tinyusb/src/device/usbd_control.c.obj
 .bss._tusb_rhport_role
                0x200015d8        0x2 CMakeFiles/main.dir/D_/pico-sdk/lib/tinyusb/src/tusb.c.obj
                0x200015d8                _tusb_rhport_role
 *fill*         0x200015da        0x2 
 .bss._ubsd_mutexdef
                0x200015dc        0x8 CMakeFiles/main.dir/D_/pico-sdk/lib/tinyusb/src/device/usbd.c.obj
 .bss._usbd_dev
                0x200015e4       0x54 CMakeFiles/main.dir/D_/pico-sdk/lib/tinyusb/src/device/usbd.c.obj
 .bss._usbd_mutex
                0x20001638        0x4 CMakeFiles/main.dir/D_/pico-sdk/lib/tinyusb/src/device/usbd.c.obj
 .bss._usbd_q   0x2000163c        0x4 CMakeFiles/main.dir/D_/pico-sdk/lib/tinyusb/src/device/usbd.c.obj
 .bss._usbd_qdef_buf
                0x20001640       0xc0 CMakeFiles/main.dir/D_/pico-sdk/lib/tinyusb/src/device/usbd.c.obj
                0x20001640                _usbd_qdef_buf
 .bss._vendord_epbuf
                0x20001700       0x80 CMakeFiles/main.dir/D_/pico-sdk/lib/tinyusb/src/class/vendor/vendor_device.c.obj
 .bss._vendord_itf
                0x20001780      0x24c CMakeFiles/main.dir/D_/pico-sdk/lib/tinyusb/src/class/vendor/vendor_device.c.obj
 .bss.boot2_copyout
                0x200019cc      0x100 CMakeFiles/main.dir/D_/pico-sdk/src/rp2_common/hardware_flash/flash.c.obj
 .bss.chars_available_callback
                0x20001acc        0x4 CMakeFiles/main.dir/D_/pico-sdk/src/rp2_common/pico_stdio_usb/stdio_usb.c.obj
 .bss.chars_available_param
                0x20001ad0        0x4 CMakeFiles/main.dir/D_/pico-sdk/src/rp2_common/pico_stdio_usb/stdio_usb.c.obj
 .bss.claimed   0x20001ad4        0x4 CMakeFiles/main.dir/D_/pico-sdk/src/rp2_common/hardware_sync/sync.c.obj
 .bss.claimed   0x20001ad8        0x1 CMakeFiles/main.dir/D_/pico-sdk/src/rp2_common/hardware_timer/timer.c.obj
 *fill*         0x20001ad9        0x3 
 .bss.configured_freq
                0x20001adc       0x28 CMakeFiles/main.dir/D_/pico-sdk/src/rp2_common/hardware_clocks/clocks.c.obj
 .bss.desc_str.0
                0x20001b04       0x28 CMakeFiles/main.dir/D_/pico-sdk/src/rp2_common/pico_stdio_usb/stdio_usb_descriptors.c.obj
 .bss.drivers   0x20001b2c        0x4 CMakeFiles/main.dir/D_/pico-sdk/src/rp2_common/pico_stdio/stdio.c.obj
 .bss.e15_last_sof
                0x20001b30        0x4 CMakeFiles/main.dir/D_/pico-sdk/lib/tinyusb/src/portable/raspberrypi/rp2040/rp2040_usb.c.obj
                0x20001b30                e15_last_sof
 .bss.filter    0x20001b34        0x4 CMakeFiles/main.dir/D_/pico-sdk/src/rp2_common/pico_stdio/stdio.c.obj
 .bss.hw_endpoints
                0x20001b38      0x400 CMakeFiles/main.dir/D_/pico-sdk/lib/tinyusb/src/portable/raspberrypi/rp2040/dcd_rp2040.c.obj
 .bss.lazy_vsnprintf
                0x20001f38        0x4 CMakeFiles/main.dir/D_/pico-sdk/src/rp2_common/pico_printf/printf.c.obj
 .bss.load_value
                0x20001f3c        0x4 CMakeFiles/main.dir/D_/pico-sdk/src/rp2_common/hardware_watchdog/watchdog.c.obj
 .bss.next_buffer_ptr
                0x20001f40        0x4 CMakeFiles/main.dir/D_/pico-sdk/lib/tinyusb/src/portable/raspberrypi/rp2040/dcd_rp2040.c.obj
 .bss.one_shot_timer_crit_sec
                0x20001f44        0x8 CMakeFiles/main.dir/D_/pico-sdk/src/rp2_common/pico_stdio_usb/stdio_usb.c.obj
 .bss.pools     0x20001f4c       0x10 CMakeFiles/main.dir/D_/pico-sdk/src/common/pico_time/time.c.obj
 .bss.retrieved_id
                0x20001f5c        0x8 CMakeFiles/main.dir/D_/pico-sdk/src/rp2_common/pico_unique_id/unique_id.c.obj
 .bss.sf_clz_func
                0x20001f64        0x4 CMakeFiles/main.dir/D_/pico-sdk/src/rp2_common/pico_double/double_init_rom_rp2040.c.obj
                0x20001f64                sf_clz_func
 .bss.sleep_notifier
                0x20001f68        0x4 CMakeFiles/main.dir/D_/pico-sdk/src/common/pico_time/time.c.obj
 .bss.stdio_usb_mutex
                0x20001f6c        0x8 CMakeFiles/main.dir/D_/pico-sdk/src/rp2_common/pico_stdio_usb/stdio_usb.c.obj
 .bss.usbd_serial_str
                0x20001f74       0x11 CMakeFiles/main.dir/D_/pico-sdk/src/rp2_common/pico_stdio_usb/stdio_usb_descriptors.c.obj
 .bss._app_driver_count
                0x20001f85        0x1 CMakeFiles/main.dir/D_/pico-sdk/lib/tinyusb/src/device/usbd.c.obj
 .bss._sof_enable
                0x20001f86        0x1 CMakeFiles/main.dir/D_/pico-sdk/lib/tinyusb/src/portable/raspberrypi/rp2040/dcd_rp2040.c.obj
 .bss._usbd_queued_setup
                0x20001f87        0x1 CMakeFiles/main.dir/D_/pico-sdk/lib/tinyusb/src/device/usbd.c.obj
 .bss.boot2_copyout_valid
                0x20001f88        0x1 CMakeFiles/main.dir/D_/pico-sdk/src/rp2_common/hardware_flash/flash.c.obj
 .bss.irq_handler_chain_free_slot_head
                0x20001f89        0x1 CMakeFiles/main.dir/D_/pico-sdk/src/rp2_common/hardware_irq/irq.c.obj
 .bss.itf_num   0x20001f8a        0x1 CMakeFiles/main.dir/D_/pico-sdk/src/rp2_common/pico_stdio_usb/reset_interface.c.obj
 .bss.low_priority_irq_num
                0x20001f8b        0x1 CMakeFiles/main.dir/D_/pico-sdk/src/rp2_common/pico_stdio_usb/stdio_usb.c.obj
 .bss.one_shot_timer_pending
                0x20001f8c        0x1 CMakeFiles/main.dir/D_/pico-sdk/src/rp2_common/pico_stdio_usb/stdio_usb.c.obj
 .bss.user_irq_claimed
                0x20001f8d        0x1 CMakeFiles/main.dir/D_/pico-sdk/src/rp2_common/hardware_irq/irq.c.obj
 *(COMMON)
                0x20001f90                . = ALIGN (0x4)
 *fill*         0x20001f8e        0x2 
                0x20001f90                __bss_end__ = .

.heap           0x20001f90      0x800 load address 0x10007f28
                0x20001f90                __end__ = .
                0x20001f90                end = __end__
 *(.heap*)
 .heap          0x20001f90      0x800 CMakeFiles/main.dir/D_/pico-sdk/src/rp2_common/pico_crt0/crt0.S.obj
                0x20040000                __HeapLimit = (ORIGIN (RAM) + LENGTH (RAM))

.scratch_x      0x20040000        0x0 load address 0x10007f28
                0x20040000                __scratch_x_start__ = .
 *(.scratch_x.*)
                0x20040000                . = ALIGN (0x4)
                0x20040000                __scratch_x_end__ = .
                0x10007f28                __scratch_x_source__ = LOADADDR (.scratch_x)

.scratch_y      0x20041000        0x0 load address 0x10007f28
                0x20041000                __scratch_y_start__ = .
 *(.scratch_y.*)
                0x20041000                . = ALIGN (0x4)
                0x20041000                __scratch_y_end__ = .
                0x10007f28                __scratch_y_source__ = LOADADDR (.scratch_y)

.stack1_dummy   0x20040000        0x0
 *(.stack1*)

.stack_dummy    0x20041000      0x800
 *(.stack*)
 .stack         0x20041000      0x800 CMakeFiles/main.dir/D_/pico-sdk/src/rp2_common/pico_crt0/crt0.S.obj

.flash_end      0x10007f28        0x0
 *(.embedded_end_block*)
                0x10007f28                PROVIDE (__flash_binary_end = .)
                0x20040000                __StackLimit = (ORIGIN (RAM) + LENGTH (RAM))
                0x20041000                __StackOneTop = (ORIGIN (SCRATCH_X) + LENGTH (SCRATCH_X))
                0x20042000                __StackTop = (ORIGIN (SCRATCH_Y) + LENGTH (SCRATCH_Y))
                0x20041000                __StackOneBottom = (__StackOneTop - SIZEOF (.stack1_dummy))
                0x20041800                __StackBottom = (__StackTop - SIZEOF (.stack_dummy))
                0x20042000                PROVIDE (__stack = __StackTop)
                [!provide]                PROVIDE (__heap_start = __end__)
                [!provide]                PROVIDE (__heap_end = __HeapLimit)
                [!provide]                PROVIDE (__tls_align = MAX (ALIGNOF (.tdata), ALIGNOF (.tbss)))
                [!provide]                PROVIDE (__tls_size_align = (((__tls_size + __tls_align) - 0x1) & ~ ((__tls_align - 0x1))))
                [!provide]                PROVIDE (__arm32_tls_tcb_offset = MAX (0x8, __tls_align))
                [!provide]                PROVIDE (_end = __end__)
                [!provide]                PROVIDE (__llvm_libc_heap_limit = __HeapLimit)
                0x00000001                ASSERT ((__StackLimit >= __HeapLimit), region RAM overflowed)
                0x00000001                ASSERT (((__binary_info_header_end - __logical_binary_start) <= 0x100), Binary info must be in first 256 bytes of the binary)
LOAD CMakeFiles/main.dir/main.cpp.obj
LOAD CMakeFiles/main.dir/ir-sensor.cpp.obj
LOAD CMakeFiles/main.dir/D_/pico-sdk/src/rp2_common/pico_stdlib/stdlib.c.obj
LOAD CMakeFiles/main.dir/D_/pico-sdk/src/rp2_common/hardware_gpio/gpio.c.obj
LOAD CMakeFiles/main.dir/D_/pico-sdk/src/rp2040/pico_platform/platform.c.obj
LOAD CMakeFiles/main.dir/D_/pico-sdk/src/rp2_common/pico_platform_panic/panic.c.obj
LOAD CMakeFiles/main.dir/D_/pico-sdk/src/common/hardware_claim/claim.c.obj
LOAD CMakeFiles/main.dir/D_/pico-sdk/src/rp2_common/hardware_sync/sync.c.obj
LOAD CMakeFiles/main.dir/D_/pico-sdk/src/rp2_common/hardware_sync_spin_lock/sync_spin_lock.c.obj
LOAD CMakeFiles/main.dir/D_/pico-sdk/src/rp2_common/hardware_irq/irq.c.obj
LOAD CMakeFiles/main.dir/D_/pico-sdk/src/rp2_common/hardware_irq/irq_handler_chain.S.obj
LOAD CMakeFiles/main.dir/D_/pico-sdk/src/common/pico_sync/sem.c.obj
LOAD CMakeFiles/main.dir/D_/pico-sdk/src/common/pico_sync/lock_core.c.obj
LOAD CMakeFiles/main.dir/D_/pico-sdk/src/common/pico_sync/mutex.c.obj
LOAD CMakeFiles/main.dir/D_/pico-sdk/src/common/pico_sync/critical_section.c.obj
LOAD CMakeFiles/main.dir/D_/pico-sdk/src/common/pico_time/time.c.obj
LOAD CMakeFiles/main.dir/D_/pico-sdk/src/common/pico_time/timeout_helper.c.obj
LOAD CMakeFiles/main.dir/D_/pico-sdk/src/rp2_common/hardware_timer/timer.c.obj
LOAD CMakeFiles/main.dir/D_/pico-sdk/src/common/pico_util/datetime.c.obj
LOAD CMakeFiles/main.dir/D_/pico-sdk/src/common/pico_util/pheap.c.obj
LOAD CMakeFiles/main.dir/D_/pico-sdk/src/common/pico_util/queue.c.obj
LOAD CMakeFiles/main.dir/D_/pico-sdk/src/rp2_common/hardware_uart/uart.c.obj
LOAD CMakeFiles/main.dir/D_/pico-sdk/src/rp2_common/hardware_clocks/clocks.c.obj
LOAD CMakeFiles/main.dir/D_/pico-sdk/src/rp2_common/hardware_pll/pll.c.obj
LOAD CMakeFiles/main.dir/D_/pico-sdk/src/rp2_common/hardware_vreg/vreg.c.obj
LOAD CMakeFiles/main.dir/D_/pico-sdk/src/rp2_common/hardware_watchdog/watchdog.c.obj
LOAD CMakeFiles/main.dir/D_/pico-sdk/src/rp2_common/hardware_ticks/ticks.c.obj
LOAD CMakeFiles/main.dir/D_/pico-sdk/src/rp2_common/pico_bootrom/bootrom.c.obj
LOAD CMakeFiles/main.dir/D_/pico-sdk/src/rp2_common/pico_bootrom/bootrom_lock.c.obj
LOAD CMakeFiles/main.dir/D_/pico-sdk/src/rp2_common/hardware_boot_lock/boot_lock.c.obj
LOAD CMakeFiles/main.dir/D_/pico-sdk/src/rp2_common/pico_flash/flash.c.obj
LOAD CMakeFiles/main.dir/D_/pico-sdk/src/rp2_common/hardware_xosc/xosc.c.obj
LOAD CMakeFiles/main.dir/D_/pico-sdk/src/rp2_common/hardware_divider/divider.S.obj
LOAD CMakeFiles/main.dir/D_/pico-sdk/src/rp2_common/pico_runtime/runtime.c.obj
LOAD CMakeFiles/main.dir/D_/pico-sdk/src/rp2_common/pico_runtime_init/runtime_init.c.obj
LOAD CMakeFiles/main.dir/D_/pico-sdk/src/rp2_common/pico_runtime_init/runtime_init_clocks.c.obj
LOAD CMakeFiles/main.dir/D_/pico-sdk/src/rp2_common/pico_runtime_init/runtime_init_stack_guard.c.obj
LOAD CMakeFiles/main.dir/D_/pico-sdk/src/rp2_common/pico_bit_ops/bit_ops_aeabi.S.obj
LOAD CMakeFiles/main.dir/D_/pico-sdk/src/rp2_common/pico_divider/divider_hardware.S.obj
LOAD CMakeFiles/main.dir/D_/pico-sdk/src/rp2_common/pico_double/double_aeabi_rp2040.S.obj
LOAD CMakeFiles/main.dir/D_/pico-sdk/src/rp2_common/pico_double/double_init_rom_rp2040.c.obj
LOAD CMakeFiles/main.dir/D_/pico-sdk/src/rp2_common/pico_double/double_math.c.obj
LOAD CMakeFiles/main.dir/D_/pico-sdk/src/rp2_common/pico_double/double_v1_rom_shim_rp2040.S.obj
LOAD CMakeFiles/main.dir/D_/pico-sdk/src/rp2_common/pico_int64_ops/pico_int64_ops_aeabi.S.obj
LOAD CMakeFiles/main.dir/D_/pico-sdk/src/rp2_common/pico_float/float_aeabi_rp2040.S.obj
LOAD CMakeFiles/main.dir/D_/pico-sdk/src/rp2_common/pico_float/float_init_rom_rp2040.c.obj
LOAD CMakeFiles/main.dir/D_/pico-sdk/src/rp2_common/pico_float/float_math.c.obj
LOAD CMakeFiles/main.dir/D_/pico-sdk/src/rp2_common/pico_float/float_v1_rom_shim_rp2040.S.obj
LOAD CMakeFiles/main.dir/D_/pico-sdk/src/rp2_common/pico_malloc/malloc.c.obj
LOAD CMakeFiles/main.dir/D_/pico-sdk/src/rp2_common/pico_mem_ops/mem_ops_aeabi.S.obj
LOAD CMakeFiles/main.dir/D_/pico-sdk/src/rp2_common/pico_atomic/atomic.c.obj
LOAD CMakeFiles/main.dir/D_/pico-sdk/src/rp2_common/pico_cxx_options/new_delete.cpp.obj
LOAD CMakeFiles/main.dir/D_/pico-sdk/src/rp2_common/pico_standard_binary_info/standard_binary_info.c.obj
LOAD CMakeFiles/main.dir/D_/pico-sdk/src/rp2_common/pico_printf/printf.c.obj
LOAD CMakeFiles/main.dir/D_/pico-sdk/src/rp2_common/pico_crt0/crt0.S.obj
LOAD CMakeFiles/main.dir/D_/pico-sdk/src/rp2_common/pico_clib_interface/newlib_interface.c.obj
LOAD CMakeFiles/main.dir/D_/pico-sdk/src/rp2_common/pico_stdio/stdio.c.obj
LOAD CMakeFiles/main.dir/D_/pico-sdk/src/rp2_common/pico_stdio_usb/reset_interface.c.obj
LOAD CMakeFiles/main.dir/D_/pico-sdk/src/rp2_common/pico_stdio_usb/stdio_usb.c.obj
LOAD CMakeFiles/main.dir/D_/pico-sdk/src/rp2_common/pico_stdio_usb/stdio_usb_descriptors.c.obj
LOAD CMakeFiles/main.dir/D_/pico-sdk/src/rp2_common/pico_unique_id/unique_id.c.obj
LOAD CMakeFiles/main.dir/D_/pico-sdk/src/rp2_common/hardware_flash/flash.c.obj
LOAD CMakeFiles/main.dir/D_/pico-sdk/src/rp2_common/hardware_xip_cache/xip_cache.c.obj
LOAD CMakeFiles/main.dir/D_/pico-sdk/lib/tinyusb/src/portable/raspberrypi/rp2040/dcd_rp2040.c.obj
LOAD CMakeFiles/main.dir/D_/pico-sdk/lib/tinyusb/src/portable/raspberrypi/rp2040/rp2040_usb.c.obj
LOAD CMakeFiles/main.dir/D_/pico-sdk/lib/tinyusb/src/device/usbd.c.obj
LOAD CMakeFiles/main.dir/D_/pico-sdk/lib/tinyusb/src/device/usbd_control.c.obj
LOAD CMakeFiles/main.dir/D_/pico-sdk/lib/tinyusb/src/class/audio/audio_device.c.obj
LOAD CMakeFiles/main.dir/D_/pico-sdk/lib/tinyusb/src/class/cdc/cdc_device.c.obj
LOAD CMakeFiles/main.dir/D_/pico-sdk/lib/tinyusb/src/class/dfu/dfu_device.c.obj
LOAD CMakeFiles/main.dir/D_/pico-sdk/lib/tinyusb/src/class/dfu/dfu_rt_device.c.obj
LOAD CMakeFiles/main.dir/D_/pico-sdk/lib/tinyusb/src/class/hid/hid_device.c.obj
LOAD CMakeFiles/main.dir/D_/pico-sdk/lib/tinyusb/src/class/midi/midi_device.c.obj
LOAD CMakeFiles/main.dir/D_/pico-sdk/lib/tinyusb/src/class/msc/msc_device.c.obj
LOAD CMakeFiles/main.dir/D_/pico-sdk/lib/tinyusb/src/class/net/ecm_rndis_device.c.obj
LOAD CMakeFiles/main.dir/D_/pico-sdk/lib/tinyusb/src/class/net/ncm_device.c.obj
LOAD CMakeFiles/main.dir/D_/pico-sdk/lib/tinyusb/src/class/usbtmc/usbtmc_device.c.obj
LOAD CMakeFiles/main.dir/D_/pico-sdk/lib/tinyusb/src/class/vendor/vendor_device.c.obj
LOAD CMakeFiles/main.dir/D_/pico-sdk/lib/tinyusb/src/class/video/video_device.c.obj
LOAD CMakeFiles/main.dir/D_/pico-sdk/lib/tinyusb/src/tusb.c.obj
LOAD CMakeFiles/main.dir/D_/pico-sdk/lib/tinyusb/src/common/tusb_fifo.c.obj
LOAD CMakeFiles/main.dir/D_/pico-sdk/src/rp2_common/pico_fix/rp2040_usb_device_enumeration/rp2040_usb_device_enumeration.c.obj
LOAD pico-sdk\src\rp2040\boot_stage2\CMakeFiles\bs2_default_library.dir\bs2_default_padded_checksummed.S.obj
LOAD c:/progra~2/gnuarm~1/102021~1.10/bin/../lib/gcc/arm-none-eabi/10.3.1/../../../../arm-none-eabi/lib/thumb/v6-m/nofp\libstdc++.a
LOAD c:/progra~2/gnuarm~1/102021~1.10/bin/../lib/gcc/arm-none-eabi/10.3.1/../../../../arm-none-eabi/lib/thumb/v6-m/nofp\libm.a
START GROUP
LOAD c:/progra~2/gnuarm~1/102021~1.10/bin/../lib/gcc/arm-none-eabi/10.3.1/thumb/v6-m/nofp\libgcc.a
LOAD c:/progra~2/gnuarm~1/102021~1.10/bin/../lib/gcc/arm-none-eabi/10.3.1/../../../../arm-none-eabi/lib/thumb/v6-m/nofp\libg.a
LOAD c:/progra~2/gnuarm~1/102021~1.10/bin/../lib/gcc/arm-none-eabi/10.3.1/../../../../arm-none-eabi/lib/thumb/v6-m/nofp\libc.a
END GROUP
START GROUP
LOAD c:/progra~2/gnuarm~1/102021~1.10/bin/../lib/gcc/arm-none-eabi/10.3.1/thumb/v6-m/nofp\libgcc.a
LOAD c:/progra~2/gnuarm~1/102021~1.10/bin/../lib/gcc/arm-none-eabi/10.3.1/../../../../arm-none-eabi/lib/thumb/v6-m/nofp\libc.a
LOAD c:/progra~2/gnuarm~1/102021~1.10/bin/../lib/gcc/arm-none-eabi/10.3.1/../../../../arm-none-eabi/lib/thumb/v6-m/nofp\libnosys.a
END GROUP
LOAD c:/progra~2/gnuarm~1/102021~1.10/bin/../lib/gcc/arm-none-eabi/10.3.1/thumb/v6-m/nofp/crtend.o
LOAD c:/progra~2/gnuarm~1/102021~1.10/bin/../lib/gcc/arm-none-eabi/10.3.1/thumb/v6-m/nofp/crtn.o
OUTPUT(main.elf elf32-littlearm)
LOAD linker stubs

.ARM.attributes
                0x00000000       0x28
 .ARM.attributes
                0x00000000       0x1e c:/progra~2/gnuarm~1/102021~1.10/bin/../lib/gcc/arm-none-eabi/10.3.1/thumb/v6-m/nofp/crti.o
 .ARM.attributes
                0x0000001e       0x2c c:/progra~2/gnuarm~1/102021~1.10/bin/../lib/gcc/arm-none-eabi/10.3.1/thumb/v6-m/nofp/crtbegin.o
 .ARM.attributes
                0x0000004a       0x2c CMakeFiles/main.dir/main.cpp.obj
 .ARM.attributes
                0x00000076       0x2c CMakeFiles/main.dir/ir-sensor.cpp.obj
 .ARM.attributes
                0x000000a2       0x2c CMakeFiles/main.dir/D_/pico-sdk/src/rp2_common/hardware_gpio/gpio.c.obj
 .ARM.attributes
                0x000000ce       0x2c CMakeFiles/main.dir/D_/pico-sdk/src/rp2040/pico_platform/platform.c.obj
 .ARM.attributes
                0x000000fa       0x2c CMakeFiles/main.dir/D_/pico-sdk/src/rp2_common/pico_platform_panic/panic.c.obj
 .ARM.attributes
                0x00000126       0x2c CMakeFiles/main.dir/D_/pico-sdk/src/common/hardware_claim/claim.c.obj
 .ARM.attributes
                0x00000152       0x2c CMakeFiles/main.dir/D_/pico-sdk/src/rp2_common/hardware_sync/sync.c.obj
 .ARM.attributes
                0x0000017e       0x2c CMakeFiles/main.dir/D_/pico-sdk/src/rp2_common/hardware_sync_spin_lock/sync_spin_lock.c.obj
 .ARM.attributes
                0x000001aa       0x2c CMakeFiles/main.dir/D_/pico-sdk/src/rp2_common/hardware_irq/irq.c.obj
 .ARM.attributes
                0x000001d6       0x22 CMakeFiles/main.dir/D_/pico-sdk/src/rp2_common/hardware_irq/irq_handler_chain.S.obj
 .ARM.attributes
                0x000001f8       0x2c CMakeFiles/main.dir/D_/pico-sdk/src/common/pico_sync/lock_core.c.obj
 .ARM.attributes
                0x00000224       0x2c CMakeFiles/main.dir/D_/pico-sdk/src/common/pico_sync/mutex.c.obj
 .ARM.attributes
                0x00000250       0x2c CMakeFiles/main.dir/D_/pico-sdk/src/common/pico_sync/critical_section.c.obj
 .ARM.attributes
                0x0000027c       0x2c CMakeFiles/main.dir/D_/pico-sdk/src/common/pico_time/time.c.obj
 .ARM.attributes
                0x000002a8       0x2c CMakeFiles/main.dir/D_/pico-sdk/src/rp2_common/hardware_timer/timer.c.obj
 .ARM.attributes
                0x000002d4       0x2c CMakeFiles/main.dir/D_/pico-sdk/src/rp2_common/hardware_clocks/clocks.c.obj
 .ARM.attributes
                0x00000300       0x2c CMakeFiles/main.dir/D_/pico-sdk/src/rp2_common/hardware_pll/pll.c.obj
 .ARM.attributes
                0x0000032c       0x2c CMakeFiles/main.dir/D_/pico-sdk/src/rp2_common/hardware_watchdog/watchdog.c.obj
 .ARM.attributes
                0x00000358       0x2c CMakeFiles/main.dir/D_/pico-sdk/src/rp2_common/hardware_ticks/ticks.c.obj
 .ARM.attributes
                0x00000384       0x2c CMakeFiles/main.dir/D_/pico-sdk/src/rp2_common/pico_bootrom/bootrom.c.obj
 .ARM.attributes
                0x000003b0       0x2c CMakeFiles/main.dir/D_/pico-sdk/src/rp2_common/hardware_xosc/xosc.c.obj
 .ARM.attributes
                0x000003dc       0x2c CMakeFiles/main.dir/D_/pico-sdk/src/rp2_common/pico_runtime/runtime.c.obj
 .ARM.attributes
                0x00000408       0x2c CMakeFiles/main.dir/D_/pico-sdk/src/rp2_common/pico_runtime_init/runtime_init.c.obj
 .ARM.attributes
                0x00000434       0x2c CMakeFiles/main.dir/D_/pico-sdk/src/rp2_common/pico_runtime_init/runtime_init_clocks.c.obj
 .ARM.attributes
                0x00000460       0x22 CMakeFiles/main.dir/D_/pico-sdk/src/rp2_common/pico_bit_ops/bit_ops_aeabi.S.obj
 .ARM.attributes
                0x00000482       0x22 CMakeFiles/main.dir/D_/pico-sdk/src/rp2_common/pico_divider/divider_hardware.S.obj
 .ARM.attributes
                0x000004a4       0x22 CMakeFiles/main.dir/D_/pico-sdk/src/rp2_common/pico_double/double_aeabi_rp2040.S.obj
 .ARM.attributes
                0x000004c6       0x2c CMakeFiles/main.dir/D_/pico-sdk/src/rp2_common/pico_double/double_init_rom_rp2040.c.obj
 .ARM.attributes
                0x000004f2       0x22 CMakeFiles/main.dir/D_/pico-sdk/src/rp2_common/pico_double/double_v1_rom_shim_rp2040.S.obj
 .ARM.attributes
                0x00000514       0x22 CMakeFiles/main.dir/D_/pico-sdk/src/rp2_common/pico_int64_ops/pico_int64_ops_aeabi.S.obj
 .ARM.attributes
                0x00000536       0x22 CMakeFiles/main.dir/D_/pico-sdk/src/rp2_common/pico_float/float_aeabi_rp2040.S.obj
 .ARM.attributes
                0x00000558       0x2c CMakeFiles/main.dir/D_/pico-sdk/src/rp2_common/pico_float/float_init_rom_rp2040.c.obj
 .ARM.attributes
                0x00000584       0x22 CMakeFiles/main.dir/D_/pico-sdk/src/rp2_common/pico_float/float_v1_rom_shim_rp2040.S.obj
 .ARM.attributes
                0x000005a6       0x22 CMakeFiles/main.dir/D_/pico-sdk/src/rp2_common/pico_mem_ops/mem_ops_aeabi.S.obj
 .ARM.attributes
                0x000005c8       0x2c CMakeFiles/main.dir/D_/pico-sdk/src/rp2_common/pico_standard_binary_info/standard_binary_info.c.obj
 .ARM.attributes
                0x000005f4       0x2c CMakeFiles/main.dir/D_/pico-sdk/src/rp2_common/pico_printf/printf.c.obj
 .ARM.attributes
                0x00000620       0x22 CMakeFiles/main.dir/D_/pico-sdk/src/rp2_common/pico_crt0/crt0.S.obj
 .ARM.attributes
                0x00000642       0x2c CMakeFiles/main.dir/D_/pico-sdk/src/rp2_common/pico_clib_interface/newlib_interface.c.obj
 .ARM.attributes
                0x0000066e       0x2c CMakeFiles/main.dir/D_/pico-sdk/src/rp2_common/pico_stdio/stdio.c.obj
 .ARM.attributes
                0x0000069a       0x2c CMakeFiles/main.dir/D_/pico-sdk/src/rp2_common/pico_stdio_usb/reset_interface.c.obj
 .ARM.attributes
                0x000006c6       0x2c CMakeFiles/main.dir/D_/pico-sdk/src/rp2_common/pico_stdio_usb/stdio_usb.c.obj
 .ARM.attributes
                0x000006f2       0x2c CMakeFiles/main.dir/D_/pico-sdk/src/rp2_common/pico_stdio_usb/stdio_usb_descriptors.c.obj
 .ARM.attributes
                0x0000071e       0x2c CMakeFiles/main.dir/D_/pico-sdk/src/rp2_common/pico_unique_id/unique_id.c.obj
 .ARM.attributes
                0x0000074a       0x2c CMakeFiles/main.dir/D_/pico-sdk/src/rp2_common/hardware_flash/flash.c.obj
 .ARM.attributes
                0x00000776       0x2c CMakeFiles/main.dir/D_/pico-sdk/lib/tinyusb/src/portable/raspberrypi/rp2040/dcd_rp2040.c.obj
 .ARM.attributes
                0x000007a2       0x2c CMakeFiles/main.dir/D_/pico-sdk/lib/tinyusb/src/portable/raspberrypi/rp2040/rp2040_usb.c.obj
 .ARM.attributes
                0x000007ce       0x2c CMakeFiles/main.dir/D_/pico-sdk/lib/tinyusb/src/device/usbd.c.obj
 .ARM.attributes
                0x000007fa       0x2c CMakeFiles/main.dir/D_/pico-sdk/lib/tinyusb/src/device/usbd_control.c.obj
 .ARM.attributes
                0x00000826       0x2c CMakeFiles/main.dir/D_/pico-sdk/lib/tinyusb/src/class/cdc/cdc_device.c.obj
 .ARM.attributes
                0x00000852       0x2c CMakeFiles/main.dir/D_/pico-sdk/lib/tinyusb/src/class/vendor/vendor_device.c.obj
 .ARM.attributes
                0x0000087e       0x2c CMakeFiles/main.dir/D_/pico-sdk/lib/tinyusb/src/tusb.c.obj
 .ARM.attributes
                0x000008aa       0x2c CMakeFiles/main.dir/D_/pico-sdk/lib/tinyusb/src/common/tusb_fifo.c.obj
 .ARM.attributes
                0x000008d6       0x22 pico-sdk\src\rp2040\boot_stage2\CMakeFiles\bs2_default_library.dir\bs2_default_padded_checksummed.S.obj
 .ARM.attributes
                0x000008f8       0x1e c:/progra~2/gnuarm~1/102021~1.10/bin/../lib/gcc/arm-none-eabi/10.3.1/thumb/v6-m/nofp\libgcc.a(_dvmd_tls.o)
 .ARM.attributes
                0x00000916       0x2c c:/progra~2/gnuarm~1/102021~1.10/bin/../lib/gcc/arm-none-eabi/10.3.1/../../../../arm-none-eabi/lib/thumb/v6-m/nofp\libg.a(lib_a-strlen-stub.o)

.comment        0x00000000       0x49
 .comment       0x00000000       0x49 CMakeFiles/main.dir/main.cpp.obj
                                 0x4a (size before relaxing)
 .comment       0x00000049       0x4a CMakeFiles/main.dir/ir-sensor.cpp.obj
 .comment       0x00000049       0x4a CMakeFiles/main.dir/D_/pico-sdk/src/rp2_common/hardware_gpio/gpio.c.obj